Archive member included to satisfy reference by file (symbol)

/usr/lib/gcc/arm-none-eabi/10.3.1/thumb/v6-m/nofp/libgcc.a(_dvmd_tls.o)
                              CMakeFiles/pico_api_microphone_project.dir/root/project/AIAgentAPI/pico/pico-sdk/src/rp2_common/pico_divider/divider_hardware.S.o (__aeabi_idiv0)
/usr/lib/gcc/arm-none-eabi/10.3.1/../../../arm-none-eabi/lib/thumb/v6-m/nofp/libg.a(lib_a-atexit.o)
                              /usr/lib/gcc/arm-none-eabi/10.3.1/../../../arm-none-eabi/lib/thumb/v6-m/nofp/crt0.o (atexit)
/usr/lib/gcc/arm-none-eabi/10.3.1/../../../arm-none-eabi/lib/thumb/v6-m/nofp/libg.a(lib_a-atoi.o)
                              CMakeFiles/pico_api_microphone_project.dir/root/project/AIAgentAPI/pico/pico-sdk/lib/lwip/src/core/netif.c.o (atoi)
/usr/lib/gcc/arm-none-eabi/10.3.1/../../../arm-none-eabi/lib/thumb/v6-m/nofp/libg.a(lib_a-calloc.o)
                              CMakeFiles/pico_api_microphone_project.dir/root/project/AIAgentAPI/pico/pico-sdk/src/rp2_common/pico_malloc/malloc.c.o (calloc)
/usr/lib/gcc/arm-none-eabi/10.3.1/../../../arm-none-eabi/lib/thumb/v6-m/nofp/libg.a(lib_a-callocr.o)
                              /usr/lib/gcc/arm-none-eabi/10.3.1/../../../arm-none-eabi/lib/thumb/v6-m/nofp/libg.a(lib_a-calloc.o) (_calloc_r)
/usr/lib/gcc/arm-none-eabi/10.3.1/../../../arm-none-eabi/lib/thumb/v6-m/nofp/libg.a(lib_a-ctype_.o)
                              CMakeFiles/pico_api_microphone_project.dir/root/project/AIAgentAPI/pico/pico-sdk/lib/lwip/src/core/dns.c.o (_ctype_)
/usr/lib/gcc/arm-none-eabi/10.3.1/../../../arm-none-eabi/lib/thumb/v6-m/nofp/libg.a(lib_a-fini.o)
                              /usr/lib/gcc/arm-none-eabi/10.3.1/../../../arm-none-eabi/lib/thumb/v6-m/nofp/crt0.o (__libc_fini_array)
/usr/lib/gcc/arm-none-eabi/10.3.1/../../../arm-none-eabi/lib/thumb/v6-m/nofp/libg.a(lib_a-impure.o)
                              /usr/lib/gcc/arm-none-eabi/10.3.1/../../../arm-none-eabi/lib/thumb/v6-m/nofp/libg.a(lib_a-calloc.o) (_impure_ptr)
/usr/lib/gcc/arm-none-eabi/10.3.1/../../../arm-none-eabi/lib/thumb/v6-m/nofp/libg.a(lib_a-init.o)
                              /usr/lib/gcc/arm-none-eabi/10.3.1/../../../arm-none-eabi/lib/thumb/v6-m/nofp/crt0.o (__libc_init_array)
/usr/lib/gcc/arm-none-eabi/10.3.1/../../../arm-none-eabi/lib/thumb/v6-m/nofp/libg.a(lib_a-lcltime_r.o)
                              CMakeFiles/pico_api_microphone_project.dir/root/project/AIAgentAPI/pico/pico-sdk/src/common/pico_util/datetime.c.o (localtime_r)
/usr/lib/gcc/arm-none-eabi/10.3.1/../../../arm-none-eabi/lib/thumb/v6-m/nofp/libg.a(lib_a-malloc.o)
                              CMakeFiles/pico_api_microphone_project.dir/root/project/AIAgentAPI/pico/pico-sdk/src/rp2_common/pico_malloc/malloc.c.o (malloc)
/usr/lib/gcc/arm-none-eabi/10.3.1/../../../arm-none-eabi/lib/thumb/v6-m/nofp/libg.a(lib_a-mallocr.o)
                              /usr/lib/gcc/arm-none-eabi/10.3.1/../../../arm-none-eabi/lib/thumb/v6-m/nofp/libg.a(lib_a-callocr.o) (_malloc_r)
/usr/lib/gcc/arm-none-eabi/10.3.1/../../../arm-none-eabi/lib/thumb/v6-m/nofp/libg.a(lib_a-memcmp.o)
                              CMakeFiles/pico_api_microphone_project.dir/root/project/AIAgentAPI/pico/pico-sdk/src/rp2_common/pico_atomic/atomic.c.o (memcmp)
/usr/lib/gcc/arm-none-eabi/10.3.1/../../../arm-none-eabi/lib/thumb/v6-m/nofp/libg.a(lib_a-memmove.o)
                              CMakeFiles/pico_api_microphone_project.dir/root/project/AIAgentAPI/pico/pico-sdk/lib/lwip/src/core/def.c.o (memmove)
/usr/lib/gcc/arm-none-eabi/10.3.1/../../../arm-none-eabi/lib/thumb/v6-m/nofp/libg.a(lib_a-mktime.o)
                              CMakeFiles/pico_api_microphone_project.dir/root/project/AIAgentAPI/pico/pico-sdk/src/common/pico_util/datetime.c.o (mktime)
/usr/lib/gcc/arm-none-eabi/10.3.1/../../../arm-none-eabi/lib/thumb/v6-m/nofp/libg.a(lib_a-mlock.o)
                              /usr/lib/gcc/arm-none-eabi/10.3.1/../../../arm-none-eabi/lib/thumb/v6-m/nofp/libg.a(lib_a-mallocr.o) (__malloc_lock)
/usr/lib/gcc/arm-none-eabi/10.3.1/../../../arm-none-eabi/lib/thumb/v6-m/nofp/libg.a(lib_a-month_lengths.o)
                              /usr/lib/gcc/arm-none-eabi/10.3.1/../../../arm-none-eabi/lib/thumb/v6-m/nofp/libg.a(lib_a-lcltime_r.o) (__month_lengths)
/usr/lib/gcc/arm-none-eabi/10.3.1/../../../arm-none-eabi/lib/thumb/v6-m/nofp/libg.a(lib_a-realloc.o)
                              CMakeFiles/pico_api_microphone_project.dir/root/project/AIAgentAPI/pico/pico-sdk/src/rp2_common/pico_malloc/malloc.c.o (realloc)
/usr/lib/gcc/arm-none-eabi/10.3.1/../../../arm-none-eabi/lib/thumb/v6-m/nofp/libg.a(lib_a-reallocr.o)
                              /usr/lib/gcc/arm-none-eabi/10.3.1/../../../arm-none-eabi/lib/thumb/v6-m/nofp/libg.a(lib_a-realloc.o) (_realloc_r)
/usr/lib/gcc/arm-none-eabi/10.3.1/../../../arm-none-eabi/lib/thumb/v6-m/nofp/libg.a(lib_a-sbrkr.o)
[...]
Memory Configuration

Name             Origin             Length             Attributes
FLASH            0x0000000010000000 0x0000000000200000 xr
RAM              0x0000000020000000 0x0000000000040000 xrw
SCRATCH_X        0x0000000020040000 0x0000000000001000 xrw
SCRATCH_Y        0x0000000020041000 0x0000000000001000 xrw
*default*        0x0000000000000000 0xffffffffffffffff

Linker script and memory map

LOAD /usr/lib/gcc/arm-none-eabi/10.3.1/thumb/v6-m/nofp/crti.o
LOAD /usr/lib/gcc/arm-none-eabi/10.3.1/thumb/v6-m/nofp/crtbegin.o
LOAD /usr/lib/gcc/arm-none-eabi/10.3.1/../../../arm-none-eabi/lib/thumb/v6-m/nofp/crt0.o

.flash_begin    0x0000000010000000        0x0
                0x0000000010000000                __flash_binary_start = .

.boot2          0x0000000010000000      0x100
                0x0000000010000000                __boot2_start__ = .
 *(.boot2)
 .boot2         0x0000000010000000      0x100 pico-sdk/src/rp2040/boot_stage2/CMakeFiles/bs2_default_library.dir/bs2_default_padded_checksummed.S.o
                0x0000000010000100                __boot2_end__ = .
                0x0000000000000001                ASSERT (((__boot2_end__ - __boot2_start__) == 0x100), ERROR: Pico second stage bootloader must be 256 bytes in size)

.text           0x0000000010000100    0x171dc
                0x0000000010000100                __logical_binary_start = .
 *(.vectors)
 .vectors       0x0000000010000100       0xd4 CMakeFiles/pico_api_microphone_project.dir/root/project/AIAgentAPI/pico/pico-sdk/src/rp2_common/pico_crt0/crt0.S.o
                0x0000000010000100                __vectors
                0x0000000010000100                __VECTOR_TABLE
                0x00000000100001c0                isr_irq30
                0x00000000100001c0                __unhandled_user_irq
                0x00000000100001c0                isr_irq13
                0x00000000100001c0                isr_irq27
                0x00000000100001c0                isr_irq31
                0x00000000100001c0                isr_irq5
                0x00000000100001c0                isr_irq11
                0x00000000100001c0                isr_irq23
                0x00000000100001c0                isr_irq18
                0x00000000100001c0                isr_irq28
                0x00000000100001c0                isr_irq19
                0x00000000100001c0                isr_irq0
                0x00000000100001c0                isr_irq6
                0x00000000100001c0                isr_irq22
                0x00000000100001c0                isr_irq17
                0x00000000100001c0                isr_irq14
                0x00000000100001c0                __vectors_end
                0x00000000100001c0                __default_isrs_start
                0x00000000100001c0                isr_irq2
                0x00000000100001c0                isr_irq10
                0x00000000100001c0                isr_irq8
                0x00000000100001c0                isr_irq24
                0x00000000100001c0                isr_irq1
                0x00000000100001c0                isr_irq7
                0x00000000100001c0                isr_irq21
                0x00000000100001c0                isr_irq20
                0x00000000100001c0                isr_irq15
                0x00000000100001c0                isr_irq25
                0x00000000100001c0                isr_irq4
                0x00000000100001c0                isr_irq16
                0x00000000100001c0                isr_irq29
                0x00000000100001c0                isr_irq26
                0x00000000100001c0                isr_irq3
                0x00000000100001c0                isr_irq12
                0x00000000100001c0                isr_irq9
                0x00000000100001c6                unhandled_user_irq_num_in_r0
                0x00000000100001c8                isr_invalid
                0x00000000100001ca                isr_nmi
                0x00000000100001cc                isr_hardfault
                0x00000000100001ce                isr_svcall
                0x00000000100001d0                isr_pendsv
                0x00000000100001d2                isr_systick
                0x00000000100001d4                __default_isrs_end
 *(.binary_info_header)
 .binary_info_header
                0x00000000100001d4       0x14 CMakeFiles/pico_api_microphone_project.dir/root/project/AIAgentAPI/pico/pico-sdk/src/rp2_common/pico_crt0/crt0.S.o
                0x00000000100001e8                __binary_info_header_end = .
 *(.embedded_block)
                0x00000000100001e8                __embedded_block_end = .
 *(.reset)
 .reset         0x00000000100001e8       0x9c CMakeFiles/pico_api_microphone_project.dir/root/project/AIAgentAPI/pico/pico-sdk/src/rp2_common/pico_crt0/crt0.S.o
                0x00000000100001e8                _entry_point
 *(.init)
 .init          0x0000000010000284        0x4 /usr/lib/gcc/arm-none-eabi/10.3.1/thumb/v6-m/nofp/crti.o
                0x0000000010000284                _init
 *(EXCLUDE_FILE(*libm.a: *libc.a:*lib_a-mem*.o *libgcc.a:) .text*)
 .text          0x0000000010000288       0x98 /usr/lib/gcc/arm-none-eabi/10.3.1/thumb/v6-m/nofp/crtbegin.o
 .text.startup.main
                0x0000000010000320       0x94 CMakeFiles/pico_api_microphone_project.dir/main.c.o
                0x0000000010000320                main
 .text.audio_app_task
                0x00000000100003b4        0x4 CMakeFiles/pico_api_microphone_project.dir/audio_app.c.o
                0x00000000100003b4                audio_app_task
 .text.gpio_set_function
                0x00000000100003b8       0x34 CMakeFiles/pico_api_microphone_project.dir/root/project/AIAgentAPI/pico/pico-sdk/src/rp2_common/hardware_gpio/gpio.c.o
                0x00000000100003b8                gpio_set_function
 .text.gpio_set_pulls
                0x00000000100003ec       0x34 CMakeFiles/pico_api_microphone_project.dir/root/project/AIAgentAPI/pico/pico-sdk/src/rp2_common/hardware_gpio/gpio.c.o
                0x00000000100003ec                gpio_set_pulls
 .text.gpio_set_input_hysteresis_enabled
                0x0000000010000420       0x28 CMakeFiles/pico_api_microphone_project.dir/root/project/AIAgentAPI/pico/pico-sdk/src/rp2_common/hardware_gpio/gpio.c.o
                0x0000000010000420                gpio_set_input_hysteresis_enabled
 .text.gpio_set_irq_enabled
                0x0000000010000448       0x58 CMakeFiles/pico_api_microphone_project.dir/root/project/AIAgentAPI/pico/pico-sdk/src/rp2_common/hardware_gpio/gpio.c.o
                0x0000000010000448                gpio_set_irq_enabled
 .text.gpio_add_raw_irq_handler_with_order_priority_masked
                0x00000000100004a0       0x44 CMakeFiles/pico_api_microphone_project.dir/root/project/AIAgentAPI/pico/pico-sdk/src/rp2_common/hardware_gpio/gpio.c.o
                0x00000000100004a0                gpio_add_raw_irq_handler_with_order_priority_masked
 .text.gpio_remove_raw_irq_handler_masked
                0x00000000100004e4       0x20 CMakeFiles/pico_api_microphone_project.dir/root/project/AIAgentAPI/pico/pico-sdk/src/rp2_common/hardware_gpio/gpio.c.o
                0x00000000100004e4                gpio_remove_raw_irq_handler_masked
 .text.gpio_init
                0x0000000010000504       0x40 CMakeFiles/pico_api_microphone_project.dir/root/project/AIAgentAPI/pico/pico-sdk/src/rp2_common/hardware_gpio/gpio.c.o
                0x0000000010000504                gpio_init
 .text.panic    0x0000000010000544       0x30 CMakeFiles/pico_api_microphone_project.dir/root/project/AIAgentAPI/pico/pico-sdk/src/rp2_common/pico_platform_panic/panic.c.o
                0x0000000010000544                panic
 .text.hw_claim_lock
                0x0000000010000574       0x18 CMakeFiles/pico_api_microphone_project.dir/root/project/AIAgentAPI/pico/pico-sdk/src/common/hardware_claim/claim.c.o
                0x0000000010000574                hw_claim_lock
 .text.hw_claim_unlock
                0x000000001000058c       0x14 CMakeFiles/pico_api_microphone_project.dir/root/project/AIAgentAPI/pico/pico-sdk/src/common/hardware_claim/claim.c.o
                0x000000001000058c                hw_claim_unlock
 .text.hw_claim_or_assert
                0x00000000100005a0       0x44 CMakeFiles/pico_api_microphone_project.dir/root/project/AIAgentAPI/pico/pico-sdk/src/common/hardware_claim/claim.c.o
                0x00000000100005a0                hw_claim_or_assert
 .text.hw_claim_unused_from_range
                0x00000000100005e4       0x9c CMakeFiles/pico_api_microphone_project.dir/root/project/AIAgentAPI/pico/pico-sdk/src/common/hardware_claim/claim.c.o
                0x00000000100005e4                hw_claim_unused_from_range
 .text.hw_claim_clear
                0x0000000010000680       0x38 CMakeFiles/pico_api_microphone_project.dir/root/project/AIAgentAPI/pico/pico-sdk/src/common/hardware_claim/claim.c.o
                0x0000000010000680                hw_claim_clear
 .text.next_striped_spin_lock_num
                0x00000000100006b8       0x18 CMakeFiles/pico_api_microphone_project.dir/root/project/AIAgentAPI/pico/pico-sdk/src/rp2_common/hardware_sync/sync.c.o
                0x00000000100006b8                next_striped_spin_lock_num
 .text.spin_lock_claim_unused
                0x00000000100006d0       0x20 CMakeFiles/pico_api_microphone_project.dir/root/project/AIAgentAPI/pico/pico-sdk/src/rp2_common/hardware_sync/sync.c.o
                0x00000000100006d0                spin_lock_claim_unused
 .text.spin_locks_reset
                0x00000000100006f0       0x1c CMakeFiles/pico_api_microphone_project.dir/root/project/AIAgentAPI/pico/pico-sdk/src/rp2_common/hardware_sync_spin_lock/sync_spin_lock.c.o
                0x00000000100006f0                spin_locks_reset
 .text.runtime_init_per_core_irq_priorities
                0x000000001000070c       0x24 CMakeFiles/pico_api_microphone_project.dir/root/project/AIAgentAPI/pico/pico-sdk/src/rp2_common/hardware_irq/irq.c.o
                0x000000001000070c                runtime_init_per_core_irq_priorities
 .text.irq_set_enabled
                0x0000000010000730       0x24 CMakeFiles/pico_api_microphone_project.dir/root/project/AIAgentAPI/pico/pico-sdk/src/rp2_common/hardware_irq/irq.c.o
                0x0000000010000730                irq_set_enabled
 .text.irq_set_pending
                0x0000000010000754       0x10 CMakeFiles/pico_api_microphone_project.dir/root/project/AIAgentAPI/pico/pico-sdk/src/rp2_common/hardware_irq/irq.c.o
                0x0000000010000754                irq_set_pending
 .text.irq_set_exclusive_handler
                0x0000000010000764       0x54 CMakeFiles/pico_api_microphone_project.dir/root/project/AIAgentAPI/pico/pico-sdk/src/rp2_common/hardware_irq/irq.c.o
                0x0000000010000764                irq_set_exclusive_handler
 .text.irq_add_shared_handler
                0x00000000100007b8      0x1e8 CMakeFiles/pico_api_microphone_project.dir/root/project/AIAgentAPI/pico/pico-sdk/src/rp2_common/hardware_irq/irq.c.o
                0x00000000100007b8                irq_add_shared_handler
 .text.irq_remove_handler
                0x00000000100009a0      0x1c4 CMakeFiles/pico_api_microphone_project.dir/root/project/AIAgentAPI/pico/pico-sdk/src/rp2_common/hardware_irq/irq.c.o
                0x00000000100009a0                irq_remove_handler
 .text.irq_set_priority
                0x0000000010000b64       0x28 CMakeFiles/pico_api_microphone_project.dir/root/project/AIAgentAPI/pico/pico-sdk/src/rp2_common/hardware_irq/irq.c.o
                0x0000000010000b64                irq_set_priority
 .text.irq_add_tail_to_free_list
                0x0000000010000b8c       0xb4 CMakeFiles/pico_api_microphone_project.dir/root/project/AIAgentAPI/pico/pico-sdk/src/rp2_common/hardware_irq/irq.c.o
                0x0000000010000b8c                irq_add_tail_to_free_list
 .text.user_irq_unclaim
                0x0000000010000c40       0x14 CMakeFiles/pico_api_microphone_project.dir/root/project/AIAgentAPI/pico/pico-sdk/src/rp2_common/hardware_irq/irq.c.o
                0x0000000010000c40                user_irq_unclaim
 .text.user_irq_claim_unused
                0x0000000010000c54       0x28 CMakeFiles/pico_api_microphone_project.dir/root/project/AIAgentAPI/pico/pico-sdk/src/rp2_common/hardware_irq/irq.c.o
                0x0000000010000c54                user_irq_claim_unused
 .text.sem_init
                0x0000000010000c7c       0x20 CMakeFiles/pico_api_microphone_project.dir/root/project/AIAgentAPI/pico/pico-sdk/src/common/pico_sync/sem.c.o
                0x0000000010000c7c                sem_init
 .text.lock_init
                0x0000000010000c9c       0x10 CMakeFiles/pico_api_microphone_project.dir/root/project/AIAgentAPI/pico/pico-sdk/src/common/pico_sync/lock_core.c.o
                0x0000000010000c9c                lock_init
 .text.runtime_init_mutex
                0x0000000010000cac       0x58 CMakeFiles/pico_api_microphone_project.dir/root/project/AIAgentAPI/pico/pico-sdk/src/common/pico_sync/mutex.c.o
                0x0000000010000cac                runtime_init_mutex
 .text.mutex_init
                0x0000000010000d04       0x1c CMakeFiles/pico_api_microphone_project.dir/root/project/AIAgentAPI/pico/pico-sdk/src/common/pico_sync/mutex.c.o
                0x0000000010000d04                mutex_init
 .text.recursive_mutex_init
                0x0000000010000d20       0x1c CMakeFiles/pico_api_microphone_project.dir/root/project/AIAgentAPI/pico/pico-sdk/src/common/pico_sync/mutex.c.o
                0x0000000010000d20                recursive_mutex_init
 .text.critical_section_init
                0x0000000010000d3c       0x20 CMakeFiles/pico_api_microphone_project.dir/root/project/AIAgentAPI/pico/pico-sdk/src/common/pico_sync/critical_section.c.o
                0x0000000010000d3c                critical_section_init
 .text.sleep_until_callback
                0x0000000010000d5c       0x30 CMakeFiles/pico_api_microphone_project.dir/root/project/AIAgentAPI/pico/pico-sdk/src/common/pico_time/time.c.o
 .text.alarm_pool_irq_handler
                0x0000000010000d8c      0x308 CMakeFiles/pico_api_microphone_project.dir/root/project/AIAgentAPI/pico/pico-sdk/src/common/pico_time/time.c.o
 .text.runtime_init_default_alarm_pool
                0x0000000010001094       0xdc CMakeFiles/pico_api_microphone_project.dir/root/project/AIAgentAPI/pico/pico-sdk/src/common/pico_time/time.c.o
                0x0000000010001094                runtime_init_default_alarm_pool
 .text.alarm_pool_get_default
                0x0000000010001170        0x8 CMakeFiles/pico_api_microphone_project.dir/root/project/AIAgentAPI/pico/pico-sdk/src/common/pico_time/time.c.o
                0x0000000010001170                alarm_pool_get_default
 .text.alarm_pool_add_alarm_at
                0x0000000010001178       0xc8 CMakeFiles/pico_api_microphone_project.dir/root/project/AIAgentAPI/pico/pico-sdk/src/common/pico_time/time.c.o
                0x0000000010001178                alarm_pool_add_alarm_at
 .text.alarm_pool_add_alarm_at_force_in_context
                0x0000000010001240       0xb0 CMakeFiles/pico_api_microphone_project.dir/root/project/AIAgentAPI/pico/pico-sdk/src/common/pico_time/time.c.o
                0x0000000010001240                alarm_pool_add_alarm_at_force_in_context
 .text.alarm_pool_cancel_alarm
                0x00000000100012f0       0x7c CMakeFiles/pico_api_microphone_project.dir/root/project/AIAgentAPI/pico/pico-sdk/src/common/pico_time/time.c.o
                0x00000000100012f0                alarm_pool_cancel_alarm
 .text.sleep_until
                0x000000001000136c       0xd0 CMakeFiles/pico_api_microphone_project.dir/root/project/AIAgentAPI/pico/pico-sdk/src/common/pico_time/time.c.o
                0x000000001000136c                sleep_until
 .text.sleep_ms
                0x000000001000143c       0x34 CMakeFiles/pico_api_microphone_project.dir/root/project/AIAgentAPI/pico/pico-sdk/src/common/pico_time/time.c.o
                0x000000001000143c                sleep_ms
 .text.best_effort_wfe_or_timeout
                0x0000000010001470       0xfc CMakeFiles/pico_api_microphone_project.dir/root/project/AIAgentAPI/pico/pico-sdk/src/common/pico_time/time.c.o
                0x0000000010001470                best_effort_wfe_or_timeout
 .text.timer_hardware_alarm_claim
                0x000000001000156c       0x14 CMakeFiles/pico_api_microphone_project.dir/root/project/AIAgentAPI/pico/pico-sdk/src/rp2_common/hardware_timer/timer.c.o
                0x000000001000156c                timer_hardware_alarm_claim
 .text.timer_time_us_64
                0x0000000010001580       0x10 CMakeFiles/pico_api_microphone_project.dir/root/project/AIAgentAPI/pico/pico-sdk/src/rp2_common/hardware_timer/timer.c.o
                0x0000000010001580                timer_time_us_64
 .text.time_us_64
                0x0000000010001590       0x14 CMakeFiles/pico_api_microphone_project.dir/root/project/AIAgentAPI/pico/pico-sdk/src/rp2_common/hardware_timer/timer.c.o
                0x0000000010001590                time_us_64
 .text.busy_wait_us
                0x00000000100015a4       0x54 CMakeFiles/pico_api_microphone_project.dir/root/project/AIAgentAPI/pico/pico-sdk/src/rp2_common/hardware_timer/timer.c.o
                0x00000000100015a4                busy_wait_us
 .text.busy_wait_until
                0x00000000100015f8       0x20 CMakeFiles/pico_api_microphone_project.dir/root/project/AIAgentAPI/pico/pico-sdk/src/rp2_common/hardware_timer/timer.c.o
                0x00000000100015f8                busy_wait_until
 .text.uart_init
                0x0000000010001618      0x11c CMakeFiles/pico_api_microphone_project.dir/root/project/AIAgentAPI/pico/pico-sdk/src/rp2_common/hardware_uart/uart.c.o
                0x0000000010001618                uart_init
 .text.clock_configure_int_divider
                0x0000000010001734       0xf4 CMakeFiles/pico_api_microphone_project.dir/root/project/AIAgentAPI/pico/pico-sdk/src/rp2_common/hardware_clocks/clocks.c.o
                0x0000000010001734                clock_configure_int_divider
 .text.clock_configure_undivided
                0x0000000010001828       0xe8 CMakeFiles/pico_api_microphone_project.dir/root/project/AIAgentAPI/pico/pico-sdk/src/rp2_common/hardware_clocks/clocks.c.o
                0x0000000010001828                clock_configure_undivided
 .text.clock_get_hz
                0x0000000010001910        0xc CMakeFiles/pico_api_microphone_project.dir/root/project/AIAgentAPI/pico/pico-sdk/src/rp2_common/hardware_clocks/clocks.c.o
                0x0000000010001910                clock_get_hz
 .text.pll_init
                0x000000001000191c       0xa0 CMakeFiles/pico_api_microphone_project.dir/root/project/AIAgentAPI/pico/pico-sdk/src/rp2_common/hardware_pll/pll.c.o
                0x000000001000191c                pll_init
 .text.tick_start
                0x00000000100019bc       0x10 CMakeFiles/pico_api_microphone_project.dir/root/project/AIAgentAPI/pico/pico-sdk/src/rp2_common/hardware_ticks/ticks.c.o
                0x00000000100019bc                tick_start
 .text.rom_func_lookup
                0x00000000100019cc       0x10 CMakeFiles/pico_api_microphone_project.dir/root/project/AIAgentAPI/pico/pico-sdk/src/rp2_common/pico_bootrom/bootrom.c.o
                0x00000000100019cc                rom_func_lookup
 .text.rom_data_lookup
                0x00000000100019dc       0x10 CMakeFiles/pico_api_microphone_project.dir/root/project/AIAgentAPI/pico/pico-sdk/src/rp2_common/pico_bootrom/bootrom.c.o
                0x00000000100019dc                rom_data_lookup
 .text.rom_funcs_lookup
                0x00000000100019ec       0x44 CMakeFiles/pico_api_microphone_project.dir/root/project/AIAgentAPI/pico/pico-sdk/src/rp2_common/pico_bootrom/bootrom.c.o
                0x00000000100019ec                rom_funcs_lookup
 .text.xosc_init
                0x0000000010001a30       0x28 CMakeFiles/pico_api_microphone_project.dir/root/project/AIAgentAPI/pico/pico-sdk/src/rp2_common/hardware_xosc/xosc.c.o
                0x0000000010001a30                xosc_init
 .text.first_per_core_initializer
                0x0000000010001a58        0x4 CMakeFiles/pico_api_microphone_project.dir/root/project/AIAgentAPI/pico/pico-sdk/src/rp2_common/pico_runtime/runtime.c.o
 .text.hard_assertion_failure
                0x0000000010001a5c        0xc CMakeFiles/pico_api_microphone_project.dir/root/project/AIAgentAPI/pico/pico-sdk/src/rp2_common/pico_runtime/runtime.c.o
                0x0000000010001a5c                hard_assertion_failure
 .text.runtime_run_initializers
                0x0000000010001a68       0x28 CMakeFiles/pico_api_microphone_project.dir/root/project/AIAgentAPI/pico/pico-sdk/src/rp2_common/pico_runtime/runtime.c.o
                0x0000000010001a68                runtime_run_initializers
 .text.runtime_init_early_resets
                0x0000000010001a90       0x2c CMakeFiles/pico_api_microphone_project.dir/root/project/AIAgentAPI/pico/pico-sdk/src/rp2_common/pico_runtime_init/runtime_init.c.o
                0x0000000010001a90                runtime_init_early_resets
 .text.runtime_init_usb_power_down
                0x0000000010001abc       0x1c CMakeFiles/pico_api_microphone_project.dir/root/project/AIAgentAPI/pico/pico-sdk/src/rp2_common/pico_runtime_init/runtime_init.c.o
                0x0000000010001abc                runtime_init_usb_power_down
 .text.runtime_init_post_clock_resets
                0x0000000010001ad8       0x20 CMakeFiles/pico_api_microphone_project.dir/root/project/AIAgentAPI/pico/pico-sdk/src/rp2_common/pico_runtime_init/runtime_init.c.o
                0x0000000010001ad8                runtime_init_post_clock_resets
 .text.runtime_init_rp2040_gpio_ie_disable
                0x0000000010001af8       0x14 CMakeFiles/pico_api_microphone_project.dir/root/project/AIAgentAPI/pico/pico-sdk/src/rp2_common/pico_runtime_init/runtime_init.c.o
                0x0000000010001af8                runtime_init_rp2040_gpio_ie_disable
 .text.runtime_init_spin_locks_reset
                0x0000000010001b0c        0x8 CMakeFiles/pico_api_microphone_project.dir/root/project/AIAgentAPI/pico/pico-sdk/src/rp2_common/pico_runtime_init/runtime_init.c.o
                0x0000000010001b0c                runtime_init_spin_locks_reset
 .text.runtime_init_install_ram_vector_table
                0x0000000010001b14       0xcc CMakeFiles/pico_api_microphone_project.dir/root/project/AIAgentAPI/pico/pico-sdk/src/rp2_common/pico_runtime_init/runtime_init.c.o
                0x0000000010001b14                runtime_init_install_ram_vector_table
 .text.runtime_init_clocks
                0x0000000010001be0       0xd8 CMakeFiles/pico_api_microphone_project.dir/root/project/AIAgentAPI/pico/pico-sdk/src/rp2_common/pico_runtime_init/runtime_init_clocks.c.o
                0x0000000010001be0                runtime_init_clocks
 .text          0x0000000010001cb8       0x10 CMakeFiles/pico_api_microphone_project.dir/root/project/AIAgentAPI/pico/pico-sdk/src/rp2_common/pico_bit_ops/bit_ops_aeabi.S.o
 .text.ctzsi    0x0000000010001cc8        0xc CMakeFiles/pico_api_microphone_project.dir/root/project/AIAgentAPI/pico/pico-sdk/src/rp2_common/pico_bit_ops/bit_ops_aeabi.S.o
                0x0000000010001cc8                __wrap___ctzsi2
 .text.__wrap___aeabi_idiv
                0x0000000010001cd4       0x50 CMakeFiles/pico_api_microphone_project.dir/root/project/AIAgentAPI/pico/pico-sdk/src/rp2_common/pico_divider/divider_hardware.S.o
                0x0000000010001cd4                __wrap___aeabi_idivmod
                0x0000000010001cd4                divmod_s32s32
                0x0000000010001cd4                div_s32s32
                0x0000000010001cd4                __wrap___aeabi_idiv
                0x0000000010001cdc                divmod_s32s32_unsafe
                0x0000000010001d08                divmod_s32s32_savestate
 .text.__wrap___aeabi_uidiv
                0x0000000010001d24       0x4c CMakeFiles/pico_api_microphone_project.dir/root/project/AIAgentAPI/pico/pico-sdk/src/rp2_common/pico_divider/divider_hardware.S.o
                0x0000000010001d24                __wrap___aeabi_uidiv
                0x0000000010001d24                __wrap___aeabi_uidivmod
                0x0000000010001d24                div_u32u32
                0x0000000010001d24                divmod_u32u32
                0x0000000010001d2c                divmod_u32u32_unsafe
                0x0000000010001d54                divmod_u32u32_savestate
 .text.__wrap___aeabi_ldiv
                0x0000000010001d70      0x424 CMakeFiles/pico_api_microphone_project.dir/root/project/AIAgentAPI/pico/pico-sdk/src/rp2_common/pico_divider/divider_hardware.S.o
                0x0000000010001d70                div_s64s64
                0x0000000010001d70                divmod_s64s64
                0x0000000010001d70                __wrap___aeabi_ldivmod
                0x0000000010001da0                div_u64u64
                0x0000000010001da0                divmod_u64u64
                0x0000000010001da0                __wrap___aeabi_uldivmod
                0x0000000010001db0                divmod_u64u64_savestate
                0x0000000010001dd0                divmod_s64s64_unsafe
                0x0000000010001e58                divmod_u64u64_unsafe
 .text.__wrap___aeabi_darithmetic
                0x0000000010002194       0x60 CMakeFiles/pico_api_microphone_project.dir/root/project/AIAgentAPI/pico/pico-sdk/src/rp2_common/pico_double/double_aeabi_rp2040.S.o
                0x0000000010002194                __wrap___aeabi_drsub
                0x000000001000219a                __wrap___aeabi_dsub
                0x00000000100021a4                __wrap___aeabi_dadd
                0x00000000100021ae                __wrap___aeabi_ddiv
                0x00000000100021e2                __wrap___aeabi_dmul
 .text.__wrap___aeabi_cdcmple
                0x00000000100021f4       0x6c CMakeFiles/pico_api_microphone_project.dir/root/project/AIAgentAPI/pico/pico-sdk/src/rp2_common/pico_double/double_aeabi_rp2040.S.o
                0x00000000100021f4                __wrap___aeabi_cdrcmple
                0x0000000010002204                __wrap___aeabi_cdcmple
                0x0000000010002204                __wrap___aeabi_cdcmpeq
 .text.__wrap___aeabi_dcmplt
                0x0000000010002260        0xc CMakeFiles/pico_api_microphone_project.dir/root/project/AIAgentAPI/pico/pico-sdk/src/rp2_common/pico_double/double_aeabi_rp2040.S.o
                0x0000000010002260                __wrap___aeabi_dcmplt
 .text.__wrap___aeabi_dcmple
                0x000000001000226c       0x10 CMakeFiles/pico_api_microphone_project.dir/root/project/AIAgentAPI/pico/pico-sdk/src/rp2_common/pico_double/double_aeabi_rp2040.S.o
                0x000000001000226c                __wrap___aeabi_dcmple
 .text.__wrap___aeabi_dcmpge
                0x000000001000227c       0x10 CMakeFiles/pico_api_microphone_project.dir/root/project/AIAgentAPI/pico/pico-sdk/src/rp2_common/pico_double/double_aeabi_rp2040.S.o
                0x000000001000227c                __wrap___aeabi_dcmpge
 .text.__wrap___aeabi_dcmpgt
                0x000000001000228c        0xa CMakeFiles/pico_api_microphone_project.dir/root/project/AIAgentAPI/pico/pico-sdk/src/rp2_common/pico_double/double_aeabi_rp2040.S.o
                0x000000001000228c                __wrap___aeabi_dcmpgt
 .text.__wrap___aeabi_dcmpun
                0x0000000010002296       0x18 CMakeFiles/pico_api_microphone_project.dir/root/project/AIAgentAPI/pico/pico-sdk/src/rp2_common/pico_double/double_aeabi_rp2040.S.o
                0x0000000010002296                __wrap___aeabi_dcmpun
 *fill*         0x00000000100022ae        0x2 
 .text.__wrap___aeabi_i2d
                0x00000000100022b0       0x38 CMakeFiles/pico_api_microphone_project.dir/root/project/AIAgentAPI/pico/pico-sdk/src/rp2_common/pico_double/double_aeabi_rp2040.S.o
                0x00000000100022b0                __wrap___aeabi_ui2d
                0x00000000100022b0                uint2double
                0x00000000100022b8                __wrap___aeabi_i2d
                0x00000000100022b8                int2double
 .text.__wrap___aeabi_d2iz
                0x00000000100022e8       0x48 CMakeFiles/pico_api_microphone_project.dir/root/project/AIAgentAPI/pico/pico-sdk/src/rp2_common/pico_double/double_aeabi_rp2040.S.o
                0x00000000100022e8                __wrap___aeabi_d2iz
                0x00000000100022e8                double2int_z
 .text.__wrap___aeabi_d2uiz
                0x0000000010002330       0x10 CMakeFiles/pico_api_microphone_project.dir/root/project/AIAgentAPI/pico/pico-sdk/src/rp2_common/pico_double/double_aeabi_rp2040.S.o
                0x0000000010002330                double2uint_z
                0x0000000010002330                double2uint
                0x0000000010002330                __wrap___aeabi_d2uiz
 .text.missing_double_func_shim
                0x0000000010002340        0xc CMakeFiles/pico_api_microphone_project.dir/root/project/AIAgentAPI/pico/pico-sdk/src/rp2_common/pico_double/double_init_rom_rp2040.c.o
 .text.__aeabi_double_init
                0x000000001000234c       0xa4 CMakeFiles/pico_api_microphone_project.dir/root/project/AIAgentAPI/pico/pico-sdk/src/rp2_common/pico_double/double_init_rom_rp2040.c.o
                0x000000001000234c                __aeabi_double_init
 .text.double_table_shim_on_use_helper
                0x00000000100023f0       0x2c CMakeFiles/pico_api_microphone_project.dir/root/project/AIAgentAPI/pico/pico-sdk/src/rp2_common/pico_double/double_v1_rom_shim_rp2040.S.o
                0x00000000100023f0                double_table_shim_on_use_helper
 .text.__aeabi_lmul
                0x000000001000241c       0x32 CMakeFiles/pico_api_microphone_project.dir/root/project/AIAgentAPI/pico/pico-sdk/src/rp2_common/pico_int64_ops/pico_int64_ops_aeabi.S.o
                0x000000001000241c                __wrap___aeabi_lmul
 *fill*         0x000000001000244e        0x2 
 .text.missing_float_func_shim
                0x0000000010002450        0xc CMakeFiles/pico_api_microphone_project.dir/root/project/AIAgentAPI/pico/pico-sdk/src/rp2_common/pico_float/float_init_rom_rp2040.c.o
 .text.__aeabi_float_init
                0x000000001000245c       0x5c CMakeFiles/pico_api_microphone_project.dir/root/project/AIAgentAPI/pico/pico-sdk/src/rp2_common/pico_float/float_init_rom_rp2040.c.o
                0x000000001000245c                __aeabi_float_init
 .text          0x00000000100024b8       0x10 CMakeFiles/pico_api_microphone_project.dir/root/project/AIAgentAPI/pico/pico-sdk/src/rp2_common/pico_mem_ops/mem_ops_aeabi.S.o
                0x00000000100024b8                __aeabi_mem_init
 .text.memset   0x00000000100024c8        0xc CMakeFiles/pico_api_microphone_project.dir/root/project/AIAgentAPI/pico/pico-sdk/src/rp2_common/pico_mem_ops/mem_ops_aeabi.S.o
                0x00000000100024c8                __wrap_memset
 .text.memcpy   0x00000000100024d4        0xc CMakeFiles/pico_api_microphone_project.dir/root/project/AIAgentAPI/pico/pico-sdk/src/rp2_common/pico_mem_ops/mem_ops_aeabi.S.o
                0x00000000100024d4                __wrap___aeabi_memcpy
                0x00000000100024d4                __wrap_memcpy
 .text._out_null
                0x00000000100024e0        0x4 CMakeFiles/pico_api_microphone_project.dir/root/project/AIAgentAPI/pico/pico-sdk/src/rp2_common/pico_printf/printf.c.o
 .text._out_rev
                0x00000000100024e4       0x9c CMakeFiles/pico_api_microphone_project.dir/root/project/AIAgentAPI/pico/pico-sdk/src/rp2_common/pico_printf/printf.c.o
 .text._ntoa_format
                0x0000000010002580      0x1cc CMakeFiles/pico_api_microphone_project.dir/root/project/AIAgentAPI/pico/pico-sdk/src/rp2_common/pico_printf/printf.c.o
 .text._out_char
                0x000000001000274c       0x10 CMakeFiles/pico_api_microphone_project.dir/root/project/AIAgentAPI/pico/pico-sdk/src/rp2_common/pico_printf/printf.c.o
 .text._out_fct
                0x000000001000275c       0x10 CMakeFiles/pico_api_microphone_project.dir/root/project/AIAgentAPI/pico/pico-sdk/src/rp2_common/pico_printf/printf.c.o
 .text._etoa    0x000000001000276c      0x44c CMakeFiles/pico_api_microphone_project.dir/root/project/AIAgentAPI/pico/pico-sdk/src/rp2_common/pico_printf/printf.c.o
 .text._ftoa    0x0000000010002bb8      0x398 CMakeFiles/pico_api_microphone_project.dir/root/project/AIAgentAPI/pico/pico-sdk/src/rp2_common/pico_printf/printf.c.o
 .text._vsnprintf
                0x0000000010002f50      0xb04 CMakeFiles/pico_api_microphone_project.dir/root/project/AIAgentAPI/pico/pico-sdk/src/rp2_common/pico_printf/printf.c.o
 .text.vfctprintf
                0x0000000010003a54       0x20 CMakeFiles/pico_api_microphone_project.dir/root/project/AIAgentAPI/pico/pico-sdk/src/rp2_common/pico_printf/printf.c.o
                0x0000000010003a54                vfctprintf
 .text.weak_raw_vprintf
                0x0000000010003a74       0x30 CMakeFiles/pico_api_microphone_project.dir/root/project/AIAgentAPI/pico/pico-sdk/src/rp2_common/pico_printf/printf.c.o
                0x0000000010003a74                weak_raw_vprintf
 .text._exit    0x0000000010003aa4        0x4 CMakeFiles/pico_api_microphone_project.dir/root/project/AIAgentAPI/pico/pico-sdk/src/rp2_common/pico_clib_interface/newlib_interface.c.o
                0x0000000010003aa4                _exit
 .text.exit     0x0000000010003aa8        0x8 CMakeFiles/pico_api_microphone_project.dir/root/project/AIAgentAPI/pico/pico-sdk/src/rp2_common/pico_clib_interface/newlib_interface.c.o
                0x0000000010003aa8                exit
 .text.runtime_init
                0x0000000010003ab0       0x2c CMakeFiles/pico_api_microphone_project.dir/root/project/AIAgentAPI/pico/pico-sdk/src/rp2_common/pico_clib_interface/newlib_interface.c.o
                0x0000000010003ab0                runtime_init
 .text.stdio_out_chars_no_crlf
                0x0000000010003adc       0x10 CMakeFiles/pico_api_microphone_project.dir/root/project/AIAgentAPI/pico/pico-sdk/src/rp2_common/pico_stdio/stdio.c.o
 .text.stdio_out_chars_crlf
                0x0000000010003aec       0xb4 CMakeFiles/pico_api_microphone_project.dir/root/project/AIAgentAPI/pico/pico-sdk/src/rp2_common/pico_stdio/stdio.c.o
 .text.stdio_buffered_printer
                0x0000000010003ba0       0x64 CMakeFiles/pico_api_microphone_project.dir/root/project/AIAgentAPI/pico/pico-sdk/src/rp2_common/pico_stdio/stdio.c.o
 .text.stdio_put_string
                0x0000000010003c04      0x100 CMakeFiles/pico_api_microphone_project.dir/root/project/AIAgentAPI/pico/pico-sdk/src/rp2_common/pico_stdio/stdio.c.o
                0x0000000010003c04                stdio_put_string
 .text.stdio_set_driver_enabled
                0x0000000010003d04       0x30 CMakeFiles/pico_api_microphone_project.dir/root/project/AIAgentAPI/pico/pico-sdk/src/rp2_common/pico_stdio/stdio.c.o
                0x0000000010003d04                stdio_set_driver_enabled
 .text.stdio_init_all
                0x0000000010003d34        0xc CMakeFiles/pico_api_microphone_project.dir/root/project/AIAgentAPI/pico/pico-sdk/src/rp2_common/pico_stdio/stdio.c.o
                0x0000000010003d34                stdio_init_all
 .text.__wrap_putchar
                0x0000000010003d40       0x98 CMakeFiles/pico_api_microphone_project.dir/root/project/AIAgentAPI/pico/pico-sdk/src/rp2_common/pico_stdio/stdio.c.o
                0x0000000010003d40                stdio_putchar
                0x0000000010003d40                __wrap_putchar
 .text.__wrap_puts
                0x0000000010003dd8       0x3c CMakeFiles/pico_api_microphone_project.dir/root/project/AIAgentAPI/pico/pico-sdk/src/rp2_common/pico_stdio/stdio.c.o
                0x0000000010003dd8                __wrap_puts
                0x0000000010003dd8                stdio_puts
 .text.__wrap_vprintf
                0x0000000010003e14       0xd8 CMakeFiles/pico_api_microphone_project.dir/root/project/AIAgentAPI/pico/pico-sdk/src/rp2_common/pico_stdio/stdio.c.o
                0x0000000010003e14                __wrap_vprintf
                0x0000000010003e14                stdio_vprintf
 .text.__wrap_printf
                0x0000000010003eec       0x18 CMakeFiles/pico_api_microphone_project.dir/root/project/AIAgentAPI/pico/pico-sdk/src/rp2_common/pico_stdio/stdio.c.o
                0x0000000010003eec                stdio_printf
                0x0000000010003eec                __wrap_printf
 .text.stdio_uart_out_chars
                0x0000000010003f04       0x4c CMakeFiles/pico_api_microphone_project.dir/root/project/AIAgentAPI/pico/pico-sdk/src/rp2_common/pico_stdio_uart/stdio_uart.c.o
 .text.stdio_uart_in_chars
                0x0000000010003f50       0x84 CMakeFiles/pico_api_microphone_project.dir/root/project/AIAgentAPI/pico/pico-sdk/src/rp2_common/pico_stdio_uart/stdio_uart.c.o
                0x0000000010003f50                stdio_uart_in_chars
 .text.on_uart_rx
                0x0000000010003fd4       0x28 CMakeFiles/pico_api_microphone_project.dir/root/project/AIAgentAPI/pico/pico-sdk/src/rp2_common/pico_stdio_uart/stdio_uart.c.o
 .text.stdio_uart_out_flush
                0x0000000010003ffc       0x14 CMakeFiles/pico_api_microphone_project.dir/root/project/AIAgentAPI/pico/pico-sdk/src/rp2_common/pico_stdio_uart/stdio_uart.c.o
 .text.stdio_uart_set_chars_available_callback
                0x0000000010004010       0x88 CMakeFiles/pico_api_microphone_project.dir/root/project/AIAgentAPI/pico/pico-sdk/src/rp2_common/pico_stdio_uart/stdio_uart.c.o
 .text.stdio_uart_init
                0x0000000010004098       0x50 CMakeFiles/pico_api_microphone_project.dir/root/project/AIAgentAPI/pico/pico-sdk/src/rp2_common/pico_stdio_uart/stdio_uart.c.o
                0x0000000010004098                stdio_uart_init
 .text.lwip_timeout_reached
                0x00000000100040e8        0x8 CMakeFiles/pico_api_microphone_project.dir/root/project/AIAgentAPI/pico/pico-sdk/src/rp2_common/pico_lwip/lwip_nosys.c.o
 .text.update_next_timeout
                0x00000000100040f0       0x6c CMakeFiles/pico_api_microphone_project.dir/root/project/AIAgentAPI/pico/pico-sdk/src/rp2_common/pico_lwip/lwip_nosys.c.o
 .text.lwip_nosys_init
                0x000000001000415c       0x30 CMakeFiles/pico_api_microphone_project.dir/root/project/AIAgentAPI/pico/pico-sdk/src/rp2_common/pico_lwip/lwip_nosys.c.o
                0x000000001000415c                lwip_nosys_init
 .text.lwip_nosys_deinit
                0x000000001000418c       0x20 CMakeFiles/pico_api_microphone_project.dir/root/project/AIAgentAPI/pico/pico-sdk/src/rp2_common/pico_lwip/lwip_nosys.c.o
                0x000000001000418c                lwip_nosys_deinit
 .text.sys_arch_protect
                0x00000000100041ac        0x4 CMakeFiles/pico_api_microphone_project.dir/root/project/AIAgentAPI/pico/pico-sdk/src/rp2_common/pico_lwip/lwip_nosys.c.o
                0x00000000100041ac                sys_arch_protect
 .text.sys_arch_unprotect
                0x00000000100041b0        0x4 CMakeFiles/pico_api_microphone_project.dir/root/project/AIAgentAPI/pico/pico-sdk/src/rp2_common/pico_lwip/lwip_nosys.c.o
                0x00000000100041b0                sys_arch_unprotect
 .text.sys_now  0x00000000100041b4       0x20 CMakeFiles/pico_api_microphone_project.dir/root/project/AIAgentAPI/pico/pico-sdk/src/rp2_common/pico_lwip/lwip_nosys.c.o
                0x00000000100041b4                sys_now
 .text.async_context_base_add_at_time_worker
                0x00000000100041d4       0x28 CMakeFiles/pico_api_microphone_project.dir/root/project/AIAgentAPI/pico/pico-sdk/src/rp2_common/pico_async_context/async_context_base.c.o
                0x00000000100041d4                async_context_base_add_at_time_worker
 .text.async_context_base_remove_at_time_worker
                0x00000000100041fc       0x28 CMakeFiles/pico_api_microphone_project.dir/root/project/AIAgentAPI/pico/pico-sdk/src/rp2_common/pico_async_context/async_context_base.c.o
                0x00000000100041fc                async_context_base_remove_at_time_worker
 .text.async_context_base_add_when_pending_worker
                0x0000000010004224       0x24 CMakeFiles/pico_api_microphone_project.dir/root/project/AIAgentAPI/pico/pico-sdk/src/rp2_common/pico_async_context/async_context_base.c.o
                0x0000000010004224                async_context_base_add_when_pending_worker
 .text.async_context_base_remove_when_pending_worker
                0x0000000010004248       0x28 CMakeFiles/pico_api_microphone_project.dir/root/project/AIAgentAPI/pico/pico-sdk/src/rp2_common/pico_async_context/async_context_base.c.o
                0x0000000010004248                async_context_base_remove_when_pending_worker
 .text.async_context_base_execute_once
                0x0000000010004270       0xe8 CMakeFiles/pico_api_microphone_project.dir/root/project/AIAgentAPI/pico/pico-sdk/src/rp2_common/pico_async_context/async_context_base.c.o
                0x0000000010004270                async_context_base_execute_once
 .text.splitmix64
                0x0000000010004358       0x5c CMakeFiles/pico_api_microphone_project.dir/root/project/AIAgentAPI/pico/pico-sdk/src/rp2_common/pico_rand/rand.c.o
 .text.xoroshiro128ss
                0x00000000100043b4       0x90 CMakeFiles/pico_api_microphone_project.dir/root/project/AIAgentAPI/pico/pico-sdk/src/rp2_common/pico_rand/rand.c.o
 .text.get_rand_64
                0x0000000010004444      0x484 CMakeFiles/pico_api_microphone_project.dir/root/project/AIAgentAPI/pico/pico-sdk/src/rp2_common/pico_rand/rand.c.o
                0x0000000010004444                get_rand_64
 .text.get_rand_32
                0x00000000100048c8        0x8 CMakeFiles/pico_api_microphone_project.dir/root/project/AIAgentAPI/pico/pico-sdk/src/rp2_common/pico_rand/rand.c.o
                0x00000000100048c8                get_rand_32
 .text.startup._retrieve_unique_id_on_boot
                0x00000000100048d0       0x10 CMakeFiles/pico_api_microphone_project.dir/root/project/AIAgentAPI/pico/pico-sdk/src/rp2_common/pico_unique_id/unique_id.c.o
 .text.pico_get_unique_board_id
                0x00000000100048e0       0x10 CMakeFiles/pico_api_microphone_project.dir/root/project/AIAgentAPI/pico/pico-sdk/src/rp2_common/pico_unique_id/unique_id.c.o
                0x00000000100048e0                pico_get_unique_board_id
 .text.flash_get_unique_id
                0x00000000100048f0       0x40 CMakeFiles/pico_api_microphone_project.dir/root/project/AIAgentAPI/pico/pico-sdk/src/rp2_common/hardware_flash/flash.c.o
                0x00000000100048f0                flash_get_unique_id
 .text.lwip_init
                0x0000000010004930       0x24 CMakeFiles/pico_api_microphone_project.dir/root/project/AIAgentAPI/pico/pico-sdk/lib/lwip/src/core/init.c.o
                0x0000000010004930                lwip_init
 .text.lwip_htons
                0x0000000010004954        0x8 CMakeFiles/pico_api_microphone_project.dir/root/project/AIAgentAPI/pico/pico-sdk/lib/lwip/src/core/def.c.o
                0x0000000010004954                lwip_htons
 .text.lwip_htonl
                0x000000001000495c        0x4 CMakeFiles/pico_api_microphone_project.dir/root/project/AIAgentAPI/pico/pico-sdk/lib/lwip/src/core/def.c.o
                0x000000001000495c                lwip_htonl
 .text.dns_call_found
                0x0000000010004960      0x134 CMakeFiles/pico_api_microphone_project.dir/root/project/AIAgentAPI/pico/pico-sdk/lib/lwip/src/core/dns.c.o
 .text.dns_send.isra.0
                0x0000000010004a94      0x168 CMakeFiles/pico_api_microphone_project.dir/root/project/AIAgentAPI/pico/pico-sdk/lib/lwip/src/core/dns.c.o
 .text.dns_init
                0x0000000010004bfc        0x4 CMakeFiles/pico_api_microphone_project.dir/root/project/AIAgentAPI/pico/pico-sdk/lib/lwip/src/core/dns.c.o
                0x0000000010004bfc                dns_init
 .text.dns_setserver
                0x0000000010004c00       0x2c CMakeFiles/pico_api_microphone_project.dir/root/project/AIAgentAPI/pico/pico-sdk/lib/lwip/src/core/dns.c.o
                0x0000000010004c00                dns_setserver
 .text.dns_tmr  0x0000000010004c2c      0x138 CMakeFiles/pico_api_microphone_project.dir/root/project/AIAgentAPI/pico/pico-sdk/lib/lwip/src/core/dns.c.o
                0x0000000010004c2c                dns_tmr
 .text.lwip_standard_chksum
                0x0000000010004d64       0xd8 CMakeFiles/pico_api_microphone_project.dir/root/project/AIAgentAPI/pico/pico-sdk/lib/lwip/src/core/inet_chksum.c.o
                0x0000000010004d64                lwip_standard_chksum
 .text.inet_chksum_pseudo
                0x0000000010004e3c       0xb4 CMakeFiles/pico_api_microphone_project.dir/root/project/AIAgentAPI/pico/pico-sdk/lib/lwip/src/core/inet_chksum.c.o
                0x0000000010004e3c                inet_chksum_pseudo
 .text.ip_chksum_pseudo
                0x0000000010004ef0       0x10 CMakeFiles/pico_api_microphone_project.dir/root/project/AIAgentAPI/pico/pico-sdk/lib/lwip/src/core/inet_chksum.c.o
                0x0000000010004ef0                ip_chksum_pseudo
 .text.inet_chksum
                0x0000000010004f00        0xc CMakeFiles/pico_api_microphone_project.dir/root/project/AIAgentAPI/pico/pico-sdk/lib/lwip/src/core/inet_chksum.c.o
                0x0000000010004f00                inet_chksum
 .text.inet_chksum_pbuf
                0x0000000010004f0c       0x6c CMakeFiles/pico_api_microphone_project.dir/root/project/AIAgentAPI/pico/pico-sdk/lib/lwip/src/core/inet_chksum.c.o
                0x0000000010004f0c                inet_chksum_pbuf
 .text.mem_init
                0x0000000010004f78       0x40 CMakeFiles/pico_api_microphone_project.dir/root/project/AIAgentAPI/pico/pico-sdk/lib/lwip/src/core/mem.c.o
                0x0000000010004f78                mem_init
 .text.mem_free
                0x0000000010004fb8      0x11c CMakeFiles/pico_api_microphone_project.dir/root/project/AIAgentAPI/pico/pico-sdk/lib/lwip/src/core/mem.c.o
                0x0000000010004fb8                mem_free
 .text.mem_trim
                0x00000000100050d4      0x110 CMakeFiles/pico_api_microphone_project.dir/root/project/AIAgentAPI/pico/pico-sdk/lib/lwip/src/core/mem.c.o
                0x00000000100050d4                mem_trim
 .text.mem_malloc
                0x00000000100051e4      0x120 CMakeFiles/pico_api_microphone_project.dir/root/project/AIAgentAPI/pico/pico-sdk/lib/lwip/src/core/mem.c.o
                0x00000000100051e4                mem_malloc
 .text.memp_init
                0x0000000010005304       0x6c CMakeFiles/pico_api_microphone_project.dir/root/project/AIAgentAPI/pico/pico-sdk/lib/lwip/src/core/memp.c.o
                0x0000000010005304                memp_init
 .text.memp_malloc
                0x0000000010005370       0x3c CMakeFiles/pico_api_microphone_project.dir/root/project/AIAgentAPI/pico/pico-sdk/lib/lwip/src/core/memp.c.o
                0x0000000010005370                memp_malloc
 .text.memp_free
                0x00000000100053ac       0x38 CMakeFiles/pico_api_microphone_project.dir/root/project/AIAgentAPI/pico/pico-sdk/lib/lwip/src/core/memp.c.o
                0x00000000100053ac                memp_free
 .text.netif_null_output_ip4
                0x00000000100053e4        0x8 CMakeFiles/pico_api_microphone_project.dir/root/project/AIAgentAPI/pico/pico-sdk/lib/lwip/src/core/netif.c.o
 .text.netif_do_set_ipaddr.isra.0
                0x00000000100053ec       0x70 CMakeFiles/pico_api_microphone_project.dir/root/project/AIAgentAPI/pico/pico-sdk/lib/lwip/src/core/netif.c.o
 .text.netif_init
                0x000000001000545c        0x4 CMakeFiles/pico_api_microphone_project.dir/root/project/AIAgentAPI/pico/pico-sdk/lib/lwip/src/core/netif.c.o
                0x000000001000545c                netif_init
 .text.netif_add
                0x0000000010005460      0x144 CMakeFiles/pico_api_microphone_project.dir/root/project/AIAgentAPI/pico/pico-sdk/lib/lwip/src/core/netif.c.o
                0x0000000010005460                netif_add
 .text.netif_set_addr
                0x00000000100055a4       0xb8 CMakeFiles/pico_api_microphone_project.dir/root/project/AIAgentAPI/pico/pico-sdk/lib/lwip/src/core/netif.c.o
                0x00000000100055a4                netif_set_addr
 .text.netif_remove
                0x000000001000565c       0x94 CMakeFiles/pico_api_microphone_project.dir/root/project/AIAgentAPI/pico/pico-sdk/lib/lwip/src/core/netif.c.o
                0x000000001000565c                netif_remove
 .text.netif_set_default
                0x00000000100056f0        0xc CMakeFiles/pico_api_microphone_project.dir/root/project/AIAgentAPI/pico/pico-sdk/lib/lwip/src/core/netif.c.o
                0x00000000100056f0                netif_set_default
 .text.netif_set_up
                0x00000000100056fc       0x40 CMakeFiles/pico_api_microphone_project.dir/root/project/AIAgentAPI/pico/pico-sdk/lib/lwip/src/core/netif.c.o
                0x00000000100056fc                netif_set_up
 .text.netif_set_link_up
                0x000000001000573c       0x44 CMakeFiles/pico_api_microphone_project.dir/root/project/AIAgentAPI/pico/pico-sdk/lib/lwip/src/core/netif.c.o
                0x000000001000573c                netif_set_link_up
 .text.netif_set_link_down
                0x0000000010005780       0x20 CMakeFiles/pico_api_microphone_project.dir/root/project/AIAgentAPI/pico/pico-sdk/lib/lwip/src/core/netif.c.o
                0x0000000010005780                netif_set_link_down
 .text.netif_get_by_index
                0x00000000100057a0       0x2c CMakeFiles/pico_api_microphone_project.dir/root/project/AIAgentAPI/pico/pico-sdk/lib/lwip/src/core/netif.c.o
                0x00000000100057a0                netif_get_by_index
 .text.pbuf_free.part.0
                0x00000000100057cc       0x7c CMakeFiles/pico_api_microphone_project.dir/root/project/AIAgentAPI/pico/pico-sdk/lib/lwip/src/core/pbuf.c.o
 .text.pbuf_free_ooseq
                0x0000000010005848       0x34 CMakeFiles/pico_api_microphone_project.dir/root/project/AIAgentAPI/pico/pico-sdk/lib/lwip/src/core/pbuf.c.o
                0x0000000010005848                pbuf_free_ooseq
 .text.pbuf_alloc
                0x000000001000587c      0x130 CMakeFiles/pico_api_microphone_project.dir/root/project/AIAgentAPI/pico/pico-sdk/lib/lwip/src/core/pbuf.c.o
                0x000000001000587c                pbuf_alloc
 .text.pbuf_realloc
                0x00000000100059ac       0x88 CMakeFiles/pico_api_microphone_project.dir/root/project/AIAgentAPI/pico/pico-sdk/lib/lwip/src/core/pbuf.c.o
                0x00000000100059ac                pbuf_realloc
 .text.pbuf_add_header
                0x0000000010005a34       0x54 CMakeFiles/pico_api_microphone_project.dir/root/project/AIAgentAPI/pico/pico-sdk/lib/lwip/src/core/pbuf.c.o
                0x0000000010005a34                pbuf_add_header
 .text.pbuf_remove_header
                0x0000000010005a88       0x44 CMakeFiles/pico_api_microphone_project.dir/root/project/AIAgentAPI/pico/pico-sdk/lib/lwip/src/core/pbuf.c.o
                0x0000000010005a88                pbuf_remove_header
 .text.pbuf_header_force
                0x0000000010005acc       0x74 CMakeFiles/pico_api_microphone_project.dir/root/project/AIAgentAPI/pico/pico-sdk/lib/lwip/src/core/pbuf.c.o
                0x0000000010005acc                pbuf_header_force
 .text.pbuf_free
                0x0000000010005b40       0x18 CMakeFiles/pico_api_microphone_project.dir/root/project/AIAgentAPI/pico/pico-sdk/lib/lwip/src/core/pbuf.c.o
                0x0000000010005b40                pbuf_free
 .text.pbuf_clen
                0x0000000010005b58       0x14 CMakeFiles/pico_api_microphone_project.dir/root/project/AIAgentAPI/pico/pico-sdk/lib/lwip/src/core/pbuf.c.o
                0x0000000010005b58                pbuf_clen
 .text.pbuf_ref
                0x0000000010005b6c       0x28 CMakeFiles/pico_api_microphone_project.dir/root/project/AIAgentAPI/pico/pico-sdk/lib/lwip/src/core/pbuf.c.o
                0x0000000010005b6c                pbuf_ref
 .text.pbuf_cat
                0x0000000010005b94       0x4c CMakeFiles/pico_api_microphone_project.dir/root/project/AIAgentAPI/pico/pico-sdk/lib/lwip/src/core/pbuf.c.o
                0x0000000010005b94                pbuf_cat
 .text.pbuf_chain
                0x0000000010005be0       0x70 CMakeFiles/pico_api_microphone_project.dir/root/project/AIAgentAPI/pico/pico-sdk/lib/lwip/src/core/pbuf.c.o
                0x0000000010005be0                pbuf_chain
 .text.pbuf_copy_partial_pbuf
                0x0000000010005c50      0x13c CMakeFiles/pico_api_microphone_project.dir/root/project/AIAgentAPI/pico/pico-sdk/lib/lwip/src/core/pbuf.c.o
                0x0000000010005c50                pbuf_copy_partial_pbuf
 .text.pbuf_copy
                0x0000000010005d8c       0x18 CMakeFiles/pico_api_microphone_project.dir/root/project/AIAgentAPI/pico/pico-sdk/lib/lwip/src/core/pbuf.c.o
                0x0000000010005d8c                pbuf_copy
 .text.pbuf_copy_partial
                0x0000000010005da4       0x70 CMakeFiles/pico_api_microphone_project.dir/root/project/AIAgentAPI/pico/pico-sdk/lib/lwip/src/core/pbuf.c.o
                0x0000000010005da4                pbuf_copy_partial
 .text.pbuf_take
                0x0000000010005e14       0x78 CMakeFiles/pico_api_microphone_project.dir/root/project/AIAgentAPI/pico/pico-sdk/lib/lwip/src/core/pbuf.c.o
                0x0000000010005e14                pbuf_take
 .text.pbuf_take_at
                0x0000000010005e8c       0xc0 CMakeFiles/pico_api_microphone_project.dir/root/project/AIAgentAPI/pico/pico-sdk/lib/lwip/src/core/pbuf.c.o
                0x0000000010005e8c                pbuf_take_at
 .text.pbuf_clone
                0x0000000010005f4c       0x30 CMakeFiles/pico_api_microphone_project.dir/root/project/AIAgentAPI/pico/pico-sdk/lib/lwip/src/core/pbuf.c.o
                0x0000000010005f4c                pbuf_clone
 .text.pbuf_put_at
                0x0000000010005f7c       0x1c CMakeFiles/pico_api_microphone_project.dir/root/project/AIAgentAPI/pico/pico-sdk/lib/lwip/src/core/pbuf.c.o
                0x0000000010005f7c                pbuf_put_at
 .text.raw_input
                0x0000000010005f98       0xf0 CMakeFiles/pico_api_microphone_project.dir/root/project/AIAgentAPI/pico/pico-sdk/lib/lwip/src/core/raw.c.o
                0x0000000010005f98                raw_input
 .text.raw_netif_ip_addr_changed
                0x0000000010006088       0x40 CMakeFiles/pico_api_microphone_project.dir/root/project/AIAgentAPI/pico/pico-sdk/lib/lwip/src/core/raw.c.o
                0x0000000010006088                raw_netif_ip_addr_changed
 .text.stats_init
                0x00000000100060c8        0x4 CMakeFiles/pico_api_microphone_project.dir/root/project/AIAgentAPI/pico/pico-sdk/lib/lwip/src/core/stats.c.o
                0x00000000100060c8                stats_init
 .text.tcp_close_shutdown_fin
                0x00000000100060cc       0x58 CMakeFiles/pico_api_microphone_project.dir/root/project/AIAgentAPI/pico/pico-sdk/lib/lwip/src/core/tcp.c.o
 .text.tcp_pcb_purge.part.0
                0x0000000010006124       0xc4 CMakeFiles/pico_api_microphone_project.dir/root/project/AIAgentAPI/pico/pico-sdk/lib/lwip/src/core/tcp.c.o
 .text.tcp_init
                0x00000000100061e8       0x20 CMakeFiles/pico_api_microphone_project.dir/root/project/AIAgentAPI/pico/pico-sdk/lib/lwip/src/core/tcp.c.o
                0x00000000100061e8                tcp_init
 .text.tcp_free
                0x0000000010006208       0x1c CMakeFiles/pico_api_microphone_project.dir/root/project/AIAgentAPI/pico/pico-sdk/lib/lwip/src/core/tcp.c.o
                0x0000000010006208                tcp_free
 .text.tcp_update_rcv_ann_wnd
                0x0000000010006224       0x60 CMakeFiles/pico_api_microphone_project.dir/root/project/AIAgentAPI/pico/pico-sdk/lib/lwip/src/core/tcp.c.o
                0x0000000010006224                tcp_update_rcv_ann_wnd
 .text.tcp_recved
                0x0000000010006284       0x98 CMakeFiles/pico_api_microphone_project.dir/root/project/AIAgentAPI/pico/pico-sdk/lib/lwip/src/core/tcp.c.o
                0x0000000010006284                tcp_recved
 .text.tcp_slowtmr
                0x000000001000631c      0x4dc CMakeFiles/pico_api_microphone_project.dir/root/project/AIAgentAPI/pico/pico-sdk/lib/lwip/src/core/tcp.c.o
                0x000000001000631c                tcp_slowtmr
 .text.tcp_segs_free
                0x00000000100067f8       0x38 CMakeFiles/pico_api_microphone_project.dir/root/project/AIAgentAPI/pico/pico-sdk/lib/lwip/src/core/tcp.c.o
                0x00000000100067f8                tcp_segs_free
 .text.tcp_seg_free
                0x0000000010006830       0x1c CMakeFiles/pico_api_microphone_project.dir/root/project/AIAgentAPI/pico/pico-sdk/lib/lwip/src/core/tcp.c.o
                0x0000000010006830                tcp_seg_free
 .text.tcp_seg_copy
                0x000000001000684c       0x2c CMakeFiles/pico_api_microphone_project.dir/root/project/AIAgentAPI/pico/pico-sdk/lib/lwip/src/core/tcp.c.o
                0x000000001000684c                tcp_seg_copy
 .text.tcp_pcb_purge
                0x0000000010006878       0x18 CMakeFiles/pico_api_microphone_project.dir/root/project/AIAgentAPI/pico/pico-sdk/lib/lwip/src/core/tcp.c.o
                0x0000000010006878                tcp_pcb_purge
 .text.tcp_pcb_remove
                0x0000000010006890       0xc8 CMakeFiles/pico_api_microphone_project.dir/root/project/AIAgentAPI/pico/pico-sdk/lib/lwip/src/core/tcp.c.o
                0x0000000010006890                tcp_pcb_remove
 .text.tcp_abandon
                0x0000000010006958      0x1ac CMakeFiles/pico_api_microphone_project.dir/root/project/AIAgentAPI/pico/pico-sdk/lib/lwip/src/core/tcp.c.o
                0x0000000010006958                tcp_abandon
 .text.tcp_abort
                0x0000000010006b04        0xc CMakeFiles/pico_api_microphone_project.dir/root/project/AIAgentAPI/pico/pico-sdk/lib/lwip/src/core/tcp.c.o
                0x0000000010006b04                tcp_abort
 .text.tcp_alloc
                0x0000000010006b10      0x1cc CMakeFiles/pico_api_microphone_project.dir/root/project/AIAgentAPI/pico/pico-sdk/lib/lwip/src/core/tcp.c.o
                0x0000000010006b10                tcp_alloc
 .text.tcp_close_shutdown
                0x0000000010006cdc      0x18c CMakeFiles/pico_api_microphone_project.dir/root/project/AIAgentAPI/pico/pico-sdk/lib/lwip/src/core/tcp.c.o
 .text.tcp_recv_null
                0x0000000010006e68       0xd4 CMakeFiles/pico_api_microphone_project.dir/root/project/AIAgentAPI/pico/pico-sdk/lib/lwip/src/core/tcp.c.o
                0x0000000010006e68                tcp_recv_null
 .text.tcp_process_refused_data
                0x0000000010006f3c       0x78 CMakeFiles/pico_api_microphone_project.dir/root/project/AIAgentAPI/pico/pico-sdk/lib/lwip/src/core/tcp.c.o
                0x0000000010006f3c                tcp_process_refused_data
 .text.tcp_fasttmr
                0x0000000010006fb4       0x98 CMakeFiles/pico_api_microphone_project.dir/root/project/AIAgentAPI/pico/pico-sdk/lib/lwip/src/core/tcp.c.o
                0x0000000010006fb4                tcp_fasttmr
 .text.tcp_tmr  0x000000001000704c       0x20 CMakeFiles/pico_api_microphone_project.dir/root/project/AIAgentAPI/pico/pico-sdk/lib/lwip/src/core/tcp.c.o
                0x000000001000704c                tcp_tmr
 .text.tcp_next_iss
                0x000000001000706c       0x28 CMakeFiles/pico_api_microphone_project.dir/root/project/AIAgentAPI/pico/pico-sdk/lib/lwip/src/core/tcp.c.o
                0x000000001000706c                tcp_next_iss
 .text.tcp_eff_send_mss_netif
                0x0000000010007094       0x38 CMakeFiles/pico_api_microphone_project.dir/root/project/AIAgentAPI/pico/pico-sdk/lib/lwip/src/core/tcp.c.o
                0x0000000010007094                tcp_eff_send_mss_netif
 .text.tcp_netif_ip_addr_changed
                0x00000000100070cc       0x9c CMakeFiles/pico_api_microphone_project.dir/root/project/AIAgentAPI/pico/pico-sdk/lib/lwip/src/core/tcp.c.o
                0x00000000100070cc                tcp_netif_ip_addr_changed
 .text.tcp_free_ooseq
                0x0000000010007168       0x40 CMakeFiles/pico_api_microphone_project.dir/root/project/AIAgentAPI/pico/pico-sdk/lib/lwip/src/core/tcp.c.o
                0x0000000010007168                tcp_free_ooseq
 .text.tcp_parseopt
                0x00000000100071a8      0x190 CMakeFiles/pico_api_microphone_project.dir/root/project/AIAgentAPI/pico/pico-sdk/lib/lwip/src/core/tcp_in.c.o
 .text.tcp_oos_insert_segment
                0x0000000010007338       0xe0 CMakeFiles/pico_api_microphone_project.dir/root/project/AIAgentAPI/pico/pico-sdk/lib/lwip/src/core/tcp_in.c.o
 .text.tcp_free_acked_segments.constprop.0
                0x0000000010007418       0xdc CMakeFiles/pico_api_microphone_project.dir/root/project/AIAgentAPI/pico/pico-sdk/lib/lwip/src/core/tcp_in.c.o
 .text.tcp_receive
                0x00000000100074f4      0xa58 CMakeFiles/pico_api_microphone_project.dir/root/project/AIAgentAPI/pico/pico-sdk/lib/lwip/src/core/tcp_in.c.o
 .text.tcp_input
                0x0000000010007f4c      0xda4 CMakeFiles/pico_api_microphone_project.dir/root/project/AIAgentAPI/pico/pico-sdk/lib/lwip/src/core/tcp_in.c.o
                0x0000000010007f4c                tcp_input
 .text.tcp_trigger_input_pcb_close
                0x0000000010008cf0       0x10 CMakeFiles/pico_api_microphone_project.dir/root/project/AIAgentAPI/pico/pico-sdk/lib/lwip/src/core/tcp_in.c.o
                0x0000000010008cf0                tcp_trigger_input_pcb_close
 .text.tcp_create_segment
                0x0000000010008d00       0xf8 CMakeFiles/pico_api_microphone_project.dir/root/project/AIAgentAPI/pico/pico-sdk/lib/lwip/src/core/tcp_out.c.o
 .text.tcp_output_control_segment
                0x0000000010008df8       0xc0 CMakeFiles/pico_api_microphone_project.dir/root/project/AIAgentAPI/pico/pico-sdk/lib/lwip/src/core/tcp_out.c.o
 .text.tcp_output_alloc_header.constprop.0
                0x0000000010008eb8       0xcc CMakeFiles/pico_api_microphone_project.dir/root/project/AIAgentAPI/pico/pico-sdk/lib/lwip/src/core/tcp_out.c.o
 .text.tcp_split_unsent_seg
                0x0000000010008f84      0x1c4 CMakeFiles/pico_api_microphone_project.dir/root/project/AIAgentAPI/pico/pico-sdk/lib/lwip/src/core/tcp_out.c.o
                0x0000000010008f84                tcp_split_unsent_seg
 .text.tcp_send_fin
                0x0000000010009148      0x12c CMakeFiles/pico_api_microphone_project.dir/root/project/AIAgentAPI/pico/pico-sdk/lib/lwip/src/core/tcp_out.c.o
                0x0000000010009148                tcp_send_fin
 .text.tcp_enqueue_flags
                0x0000000010009274      0x124 CMakeFiles/pico_api_microphone_project.dir/root/project/AIAgentAPI/pico/pico-sdk/lib/lwip/src/core/tcp_out.c.o
                0x0000000010009274                tcp_enqueue_flags
 .text.tcp_rexmit_rto_prepare
                0x0000000010009398       0x9c CMakeFiles/pico_api_microphone_project.dir/root/project/AIAgentAPI/pico/pico-sdk/lib/lwip/src/core/tcp_out.c.o
                0x0000000010009398                tcp_rexmit_rto_prepare
 .text.tcp_rexmit
                0x0000000010009434       0x9c CMakeFiles/pico_api_microphone_project.dir/root/project/AIAgentAPI/pico/pico-sdk/lib/lwip/src/core/tcp_out.c.o
                0x0000000010009434                tcp_rexmit
 .text.tcp_rexmit_fast
                0x00000000100094d0       0x64 CMakeFiles/pico_api_microphone_project.dir/root/project/AIAgentAPI/pico/pico-sdk/lib/lwip/src/core/tcp_out.c.o
                0x00000000100094d0                tcp_rexmit_fast
 .text.tcp_rst  0x0000000010009534       0xe8 CMakeFiles/pico_api_microphone_project.dir/root/project/AIAgentAPI/pico/pico-sdk/lib/lwip/src/core/tcp_out.c.o
                0x0000000010009534                tcp_rst
 .text.tcp_rst_netif
                0x000000001000961c      0x130 CMakeFiles/pico_api_microphone_project.dir/root/project/AIAgentAPI/pico/pico-sdk/lib/lwip/src/core/tcp_out.c.o
                0x000000001000961c                tcp_rst_netif
 .text.tcp_send_empty_ack
                0x000000001000974c       0x54 CMakeFiles/pico_api_microphone_project.dir/root/project/AIAgentAPI/pico/pico-sdk/lib/lwip/src/core/tcp_out.c.o
                0x000000001000974c                tcp_send_empty_ack
 .text.tcp_output
                0x00000000100097a0      0x46c CMakeFiles/pico_api_microphone_project.dir/root/project/AIAgentAPI/pico/pico-sdk/lib/lwip/src/core/tcp_out.c.o
                0x00000000100097a0                tcp_output
 .text.tcp_rexmit_rto_commit
                0x0000000010009c0c       0x24 CMakeFiles/pico_api_microphone_project.dir/root/project/AIAgentAPI/pico/pico-sdk/lib/lwip/src/core/tcp_out.c.o
                0x0000000010009c0c                tcp_rexmit_rto_commit
 .text.tcp_rexmit_rto
                0x0000000010009c30       0xa4 CMakeFiles/pico_api_microphone_project.dir/root/project/AIAgentAPI/pico/pico-sdk/lib/lwip/src/core/tcp_out.c.o
                0x0000000010009c30                tcp_rexmit_rto
 .text.tcp_keepalive
                0x0000000010009cd4       0xe0 CMakeFiles/pico_api_microphone_project.dir/root/project/AIAgentAPI/pico/pico-sdk/lib/lwip/src/core/tcp_out.c.o
                0x0000000010009cd4                tcp_keepalive
 .text.tcp_zero_window_probe
                0x0000000010009db4      0x108 CMakeFiles/pico_api_microphone_project.dir/root/project/AIAgentAPI/pico/pico-sdk/lib/lwip/src/core/tcp_out.c.o
                0x0000000010009db4                tcp_zero_window_probe
 .text.sys_timeout_abs
                0x0000000010009ebc       0x48 CMakeFiles/pico_api_microphone_project.dir/root/project/AIAgentAPI/pico/pico-sdk/lib/lwip/src/core/timeouts.c.o
 .text.lwip_cyclic_timer
                0x0000000010009f04       0x38 CMakeFiles/pico_api_microphone_project.dir/root/project/AIAgentAPI/pico/pico-sdk/lib/lwip/src/core/timeouts.c.o
 .text.tcpip_tcp_timer
                0x0000000010009f3c       0x3c CMakeFiles/pico_api_microphone_project.dir/root/project/AIAgentAPI/pico/pico-sdk/lib/lwip/src/core/timeouts.c.o
 .text.tcp_timer_needed
                0x0000000010009f78       0x40 CMakeFiles/pico_api_microphone_project.dir/root/project/AIAgentAPI/pico/pico-sdk/lib/lwip/src/core/timeouts.c.o
                0x0000000010009f78                tcp_timer_needed
 .text.sys_timeouts_init
                0x0000000010009fb8       0x90 CMakeFiles/pico_api_microphone_project.dir/root/project/AIAgentAPI/pico/pico-sdk/lib/lwip/src/core/timeouts.c.o
                0x0000000010009fb8                sys_timeouts_init
 .text.sys_check_timeouts
                0x000000001000a048       0x68 CMakeFiles/pico_api_microphone_project.dir/root/project/AIAgentAPI/pico/pico-sdk/lib/lwip/src/core/timeouts.c.o
                0x000000001000a048                sys_check_timeouts
 .text.sys_timeouts_sleeptime
                0x000000001000a0b0       0x28 CMakeFiles/pico_api_microphone_project.dir/root/project/AIAgentAPI/pico/pico-sdk/lib/lwip/src/core/timeouts.c.o
                0x000000001000a0b0                sys_timeouts_sleeptime
 .text.udp_init
                0x000000001000a0d8       0x20 CMakeFiles/pico_api_microphone_project.dir/root/project/AIAgentAPI/pico/pico-sdk/lib/lwip/src/core/udp.c.o
                0x000000001000a0d8                udp_init
 .text.udp_input
                0x000000001000a0f8      0x24c CMakeFiles/pico_api_microphone_project.dir/root/project/AIAgentAPI/pico/pico-sdk/lib/lwip/src/core/udp.c.o
                0x000000001000a0f8                udp_input
 .text.udp_bind
                0x000000001000a344      0x10c CMakeFiles/pico_api_microphone_project.dir/root/project/AIAgentAPI/pico/pico-sdk/lib/lwip/src/core/udp.c.o
                0x000000001000a344                udp_bind
 .text.udp_sendto_if_src
                0x000000001000a450      0x130 CMakeFiles/pico_api_microphone_project.dir/root/project/AIAgentAPI/pico/pico-sdk/lib/lwip/src/core/udp.c.o
                0x000000001000a450                udp_sendto_if_src
 .text.udp_sendto_if
                0x000000001000a580       0x48 CMakeFiles/pico_api_microphone_project.dir/root/project/AIAgentAPI/pico/pico-sdk/lib/lwip/src/core/udp.c.o
                0x000000001000a580                udp_sendto_if
 .text.udp_sendto
                0x000000001000a5c8       0x7c CMakeFiles/pico_api_microphone_project.dir/root/project/AIAgentAPI/pico/pico-sdk/lib/lwip/src/core/udp.c.o
                0x000000001000a5c8                udp_sendto
 .text.udp_connect
                0x000000001000a644       0x64 CMakeFiles/pico_api_microphone_project.dir/root/project/AIAgentAPI/pico/pico-sdk/lib/lwip/src/core/udp.c.o
                0x000000001000a644                udp_connect
 .text.udp_recv
                0x000000001000a6a8        0xc CMakeFiles/pico_api_microphone_project.dir/root/project/AIAgentAPI/pico/pico-sdk/lib/lwip/src/core/udp.c.o
                0x000000001000a6a8                udp_recv
 .text.udp_remove
                0x000000001000a6b4       0x3c CMakeFiles/pico_api_microphone_project.dir/root/project/AIAgentAPI/pico/pico-sdk/lib/lwip/src/core/udp.c.o
                0x000000001000a6b4                udp_remove
 .text.udp_new  0x000000001000a6f0       0x1c CMakeFiles/pico_api_microphone_project.dir/root/project/AIAgentAPI/pico/pico-sdk/lib/lwip/src/core/udp.c.o
                0x000000001000a6f0                udp_new
 .text.udp_netif_ip_addr_changed
                0x000000001000a70c       0x40 CMakeFiles/pico_api_microphone_project.dir/root/project/AIAgentAPI/pico/pico-sdk/lib/lwip/src/core/udp.c.o
                0x000000001000a70c                udp_netif_ip_addr_changed
 .text.dhcp_create_msg
                0x000000001000a74c      0x16c CMakeFiles/pico_api_microphone_project.dir/root/project/AIAgentAPI/pico/pico-sdk/lib/lwip/src/core/ipv4/dhcp.c.o
 .text.dhcp_inc_pcb_refcount
                0x000000001000a8b8       0x6c CMakeFiles/pico_api_microphone_project.dir/root/project/AIAgentAPI/pico/pico-sdk/lib/lwip/src/core/ipv4/dhcp.c.o
 .text.dhcp_bind
                0x000000001000a924      0x11c CMakeFiles/pico_api_microphone_project.dir/root/project/AIAgentAPI/pico/pico-sdk/lib/lwip/src/core/ipv4/dhcp.c.o
 .text.dhcp_option_hostname.isra.0
                0x000000001000aa40       0x8c CMakeFiles/pico_api_microphone_project.dir/root/project/AIAgentAPI/pico/pico-sdk/lib/lwip/src/core/ipv4/dhcp.c.o
 .text.dhcp_handle_ack.isra.0
                0x000000001000aacc       0xcc CMakeFiles/pico_api_microphone_project.dir/root/project/AIAgentAPI/pico/pico-sdk/lib/lwip/src/core/ipv4/dhcp.c.o
 .text.dhcp_reboot.isra.0
                0x000000001000ab98      0x1e4 CMakeFiles/pico_api_microphone_project.dir/root/project/AIAgentAPI/pico/pico-sdk/lib/lwip/src/core/ipv4/dhcp.c.o
 .text.dhcp_discover
                0x000000001000ad7c      0x1b8 CMakeFiles/pico_api_microphone_project.dir/root/project/AIAgentAPI/pico/pico-sdk/lib/lwip/src/core/ipv4/dhcp.c.o
 .text.dhcp_select.isra.0
                0x000000001000af34      0x268 CMakeFiles/pico_api_microphone_project.dir/root/project/AIAgentAPI/pico/pico-sdk/lib/lwip/src/core/ipv4/dhcp.c.o
 .text.dhcp_recv
                0x000000001000b19c      0x494 CMakeFiles/pico_api_microphone_project.dir/root/project/AIAgentAPI/pico/pico-sdk/lib/lwip/src/core/ipv4/dhcp.c.o
 .text.dhcp_set_struct
                0x000000001000b630       0x44 CMakeFiles/pico_api_microphone_project.dir/root/project/AIAgentAPI/pico/pico-sdk/lib/lwip/src/core/ipv4/dhcp.c.o
                0x000000001000b630                dhcp_set_struct
 .text.dhcp_network_changed_link_up
                0x000000001000b674       0x40 CMakeFiles/pico_api_microphone_project.dir/root/project/AIAgentAPI/pico/pico-sdk/lib/lwip/src/core/ipv4/dhcp.c.o
                0x000000001000b674                dhcp_network_changed_link_up
 .text.dhcp_renew
                0x000000001000b6b4      0x1b8 CMakeFiles/pico_api_microphone_project.dir/root/project/AIAgentAPI/pico/pico-sdk/lib/lwip/src/core/ipv4/dhcp.c.o
                0x000000001000b6b4                dhcp_renew
 .text.dhcp_release_and_stop
                0x000000001000b86c      0x180 CMakeFiles/pico_api_microphone_project.dir/root/project/AIAgentAPI/pico/pico-sdk/lib/lwip/src/core/ipv4/dhcp.c.o
                0x000000001000b86c                dhcp_release_and_stop
 .text.dhcp_start
                0x000000001000b9ec       0xb0 CMakeFiles/pico_api_microphone_project.dir/root/project/AIAgentAPI/pico/pico-sdk/lib/lwip/src/core/ipv4/dhcp.c.o
                0x000000001000b9ec                dhcp_start
 .text.dhcp_coarse_tmr
                0x000000001000ba9c      0x238 CMakeFiles/pico_api_microphone_project.dir/root/project/AIAgentAPI/pico/pico-sdk/lib/lwip/src/core/ipv4/dhcp.c.o
                0x000000001000ba9c                dhcp_coarse_tmr
 .text.dhcp_fine_tmr
                0x000000001000bcd4       0x78 CMakeFiles/pico_api_microphone_project.dir/root/project/AIAgentAPI/pico/pico-sdk/lib/lwip/src/core/ipv4/dhcp.c.o
                0x000000001000bcd4                dhcp_fine_tmr
 .text.dhcp_stop
                0x000000001000bd4c      0x180 CMakeFiles/pico_api_microphone_project.dir/root/project/AIAgentAPI/pico/pico-sdk/lib/lwip/src/core/ipv4/dhcp.c.o
                0x000000001000bd4c                dhcp_stop
 .text.etharp_find_entry
                0x000000001000becc     0x1fbc CMakeFiles/pico_api_microphone_project.dir/root/project/AIAgentAPI/pico/pico-sdk/lib/lwip/src/core/ipv4/etharp.c.o
 .text.etharp_raw
                0x000000001000de88       0xec CMakeFiles/pico_api_microphone_project.dir/root/project/AIAgentAPI/pico/pico-sdk/lib/lwip/src/core/ipv4/etharp.c.o
 .text.etharp_output_to_arp_index
                0x000000001000df74       0xe4 CMakeFiles/pico_api_microphone_project.dir/root/project/AIAgentAPI/pico/pico-sdk/lib/lwip/src/core/ipv4/etharp.c.o
 .text.etharp_tmr
                0x000000001000e058       0x94 CMakeFiles/pico_api_microphone_project.dir/root/project/AIAgentAPI/pico/pico-sdk/lib/lwip/src/core/ipv4/etharp.c.o
                0x000000001000e058                etharp_tmr
 .text.etharp_cleanup_netif
                0x000000001000e0ec      0x188 CMakeFiles/pico_api_microphone_project.dir/root/project/AIAgentAPI/pico/pico-sdk/lib/lwip/src/core/ipv4/etharp.c.o
                0x000000001000e0ec                etharp_cleanup_netif
 .text.etharp_input
                0x000000001000e274      0x1b0 CMakeFiles/pico_api_microphone_project.dir/root/project/AIAgentAPI/pico/pico-sdk/lib/lwip/src/core/ipv4/etharp.c.o
                0x000000001000e274                etharp_input
 .text.etharp_query
                0x000000001000e424      0x1c0 CMakeFiles/pico_api_microphone_project.dir/root/project/AIAgentAPI/pico/pico-sdk/lib/lwip/src/core/ipv4/etharp.c.o
                0x000000001000e424                etharp_query
 .text.etharp_output
                0x000000001000e5e4      0x24c CMakeFiles/pico_api_microphone_project.dir/root/project/AIAgentAPI/pico/pico-sdk/lib/lwip/src/core/ipv4/etharp.c.o
                0x000000001000e5e4                etharp_output
 .text.etharp_request
                0x000000001000e830       0x2c CMakeFiles/pico_api_microphone_project.dir/root/project/AIAgentAPI/pico/pico-sdk/lib/lwip/src/core/ipv4/etharp.c.o
                0x000000001000e830                etharp_request
 .text.icmp_input
                0x000000001000e85c      0x1ec CMakeFiles/pico_api_microphone_project.dir/root/project/AIAgentAPI/pico/pico-sdk/lib/lwip/src/core/ipv4/icmp.c.o
                0x000000001000e85c                icmp_input
 .text.icmp_dest_unreach
                0x000000001000ea48       0xd0 CMakeFiles/pico_api_microphone_project.dir/root/project/AIAgentAPI/pico/pico-sdk/lib/lwip/src/core/ipv4/icmp.c.o
                0x000000001000ea48                icmp_dest_unreach
 .text.icmp_time_exceeded
                0x000000001000eb18       0xd0 CMakeFiles/pico_api_microphone_project.dir/root/project/AIAgentAPI/pico/pico-sdk/lib/lwip/src/core/ipv4/icmp.c.o
                0x000000001000eb18                icmp_time_exceeded
 .text.ip_reass_free_complete_datagram
                0x000000001000ebe8      0x114 CMakeFiles/pico_api_microphone_project.dir/root/project/AIAgentAPI/pico/pico-sdk/lib/lwip/src/core/ipv4/ip4_frag.c.o
 .text.ip_reass_remove_oldest_datagram
                0x000000001000ecfc       0xd8 CMakeFiles/pico_api_microphone_project.dir/root/project/AIAgentAPI/pico/pico-sdk/lib/lwip/src/core/ipv4/ip4_frag.c.o
 .text.ip_reass_tmr
                0x000000001000edd4       0x38 CMakeFiles/pico_api_microphone_project.dir/root/project/AIAgentAPI/pico/pico-sdk/lib/lwip/src/core/ipv4/ip4_frag.c.o
                0x000000001000edd4                ip_reass_tmr
 .text.ip4_reass
                0x000000001000ee0c      0x534 CMakeFiles/pico_api_microphone_project.dir/root/project/AIAgentAPI/pico/pico-sdk/lib/lwip/src/core/ipv4/ip4_frag.c.o
                0x000000001000ee0c                ip4_reass
 .text.ip4_frag
                0x000000001000f340      0x17c CMakeFiles/pico_api_microphone_project.dir/root/project/AIAgentAPI/pico/pico-sdk/lib/lwip/src/core/ipv4/ip4_frag.c.o
                0x000000001000f340                ip4_frag
 .text.ip4_route
                0x000000001000f4bc       0x7c CMakeFiles/pico_api_microphone_project.dir/root/project/AIAgentAPI/pico/pico-sdk/lib/lwip/src/core/ipv4/ip4.c.o
                0x000000001000f4bc                ip4_route
 .text.ip4_input
                0x000000001000f538      0x2cc CMakeFiles/pico_api_microphone_project.dir/root/project/AIAgentAPI/pico/pico-sdk/lib/lwip/src/core/ipv4/ip4.c.o
                0x000000001000f538                ip4_input
 .text.ip4_output_if
                0x000000001000f804      0x190 CMakeFiles/pico_api_microphone_project.dir/root/project/AIAgentAPI/pico/pico-sdk/lib/lwip/src/core/ipv4/ip4.c.o
                0x000000001000f804                ip4_output_if
 .text.ip4_output_if_src
                0x000000001000f994      0x17c CMakeFiles/pico_api_microphone_project.dir/root/project/AIAgentAPI/pico/pico-sdk/lib/lwip/src/core/ipv4/ip4.c.o
                0x000000001000f994                ip4_output_if_src
 .text.ip4_addr_isbroadcast_u32
                0x000000001000fb10       0x3c CMakeFiles/pico_api_microphone_project.dir/root/project/AIAgentAPI/pico/pico-sdk/lib/lwip/src/core/ipv4/ip4_addr.c.o
                0x000000001000fb10                ip4_addr_isbroadcast_u32
 .text.ethernet_input
                0x000000001000fb4c       0xd0 CMakeFiles/pico_api_microphone_project.dir/root/project/AIAgentAPI/pico/pico-sdk/lib/lwip/src/netif/ethernet.c.o
                0x000000001000fb4c                ethernet_input
 .text.ethernet_output
                0x000000001000fc1c       0x6c CMakeFiles/pico_api_microphone_project.dir/root/project/AIAgentAPI/pico/pico-sdk/lib/lwip/src/netif/ethernet.c.o
                0x000000001000fc1c                ethernet_output
 .text.cyw43_arch_wifi_connect_bssid_until.part.0
                0x000000001000fc88       0xd8 CMakeFiles/pico_api_microphone_project.dir/root/project/AIAgentAPI/pico/pico-sdk/src/rp2_common/pico_cyw43_arch/cyw43_arch.c.o
 .text.cyw43_arch_set_async_context
                0x000000001000fd60        0xc CMakeFiles/pico_api_microphone_project.dir/root/project/AIAgentAPI/pico/pico-sdk/src/rp2_common/pico_cyw43_arch/cyw43_arch.c.o
                0x000000001000fd60                cyw43_arch_set_async_context
 .text.cyw43_arch_enable_sta_mode
                0x000000001000fd6c       0x1c CMakeFiles/pico_api_microphone_project.dir/root/project/AIAgentAPI/pico/pico-sdk/src/rp2_common/pico_cyw43_arch/cyw43_arch.c.o
                0x000000001000fd6c                cyw43_arch_enable_sta_mode
 .text.cyw43_arch_wifi_connect_timeout_ms
                0x000000001000fd88       0x9c CMakeFiles/pico_api_microphone_project.dir/root/project/AIAgentAPI/pico/pico-sdk/src/rp2_common/pico_cyw43_arch/cyw43_arch.c.o
                0x000000001000fd88                cyw43_arch_wifi_connect_timeout_ms
 .text.cyw43_arch_async_context
                0x000000001000fe24        0xc CMakeFiles/pico_api_microphone_project.dir/root/project/AIAgentAPI/pico/pico-sdk/src/rp2_common/pico_cyw43_arch/cyw43_arch.c.o
                0x000000001000fe24                cyw43_arch_async_context
 .text.cyw43_arch_init
                0x000000001000fe30       0x80 CMakeFiles/pico_api_microphone_project.dir/root/project/AIAgentAPI/pico/pico-sdk/src/rp2_common/pico_cyw43_arch/cyw43_arch_threadsafe_background.c.o
                0x000000001000fe30                cyw43_arch_init
 .text.ns_delay.constprop.0
                0x000000001000feb0       0x20 CMakeFiles/pico_api_microphone_project.dir/root/project/AIAgentAPI/pico/pico-sdk/src/rp2_common/pico_cyw43_driver/cyw43_bus_pio_spi.c.o
 .text.cyw43_spi_deinit
                0x000000001000fed0       0x6c CMakeFiles/pico_api_microphone_project.dir/root/project/AIAgentAPI/pico/pico-sdk/src/rp2_common/pico_cyw43_driver/cyw43_bus_pio_spi.c.o
                0x000000001000fed0                cyw43_spi_deinit
 .text.cyw43_spi_init
                0x000000001000ff3c      0x12c CMakeFiles/pico_api_microphone_project.dir/root/project/AIAgentAPI/pico/pico-sdk/src/rp2_common/pico_cyw43_driver/cyw43_bus_pio_spi.c.o
                0x000000001000ff3c                cyw43_spi_init
 .text.cyw43_spi_transfer
                0x0000000010010068      0x410 CMakeFiles/pico_api_microphone_project.dir/root/project/AIAgentAPI/pico/pico-sdk/src/rp2_common/pico_cyw43_driver/cyw43_bus_pio_spi.c.o
                0x0000000010010068                cyw43_spi_transfer
 .text.cyw43_spi_gpio_setup
                0x0000000010010478       0x3c CMakeFiles/pico_api_microphone_project.dir/root/project/AIAgentAPI/pico/pico-sdk/src/rp2_common/pico_cyw43_driver/cyw43_bus_pio_spi.c.o
                0x0000000010010478                cyw43_spi_gpio_setup
 .text.cyw43_spi_reset
                0x00000000100104b4       0x28 CMakeFiles/pico_api_microphone_project.dir/root/project/AIAgentAPI/pico/pico-sdk/src/rp2_common/pico_cyw43_driver/cyw43_bus_pio_spi.c.o
                0x00000000100104b4                cyw43_spi_reset
 .text.read_reg_u32_swap
                0x00000000100104dc       0x3c CMakeFiles/pico_api_microphone_project.dir/root/project/AIAgentAPI/pico/pico-sdk/src/rp2_common/pico_cyw43_driver/cyw43_bus_pio_spi.c.o
                0x00000000100104dc                read_reg_u32_swap
 .text.cyw43_read_reg_u32
                0x0000000010010518       0x6c CMakeFiles/pico_api_microphone_project.dir/root/project/AIAgentAPI/pico/pico-sdk/src/rp2_common/pico_cyw43_driver/cyw43_bus_pio_spi.c.o
                0x0000000010010518                cyw43_read_reg_u32
 .text.cyw43_read_reg_u16
                0x0000000010010584       0x6c CMakeFiles/pico_api_microphone_project.dir/root/project/AIAgentAPI/pico/pico-sdk/src/rp2_common/pico_cyw43_driver/cyw43_bus_pio_spi.c.o
                0x0000000010010584                cyw43_read_reg_u16
 .text.cyw43_read_reg_u8
                0x00000000100105f0       0x6c CMakeFiles/pico_api_microphone_project.dir/root/project/AIAgentAPI/pico/pico-sdk/src/rp2_common/pico_cyw43_driver/cyw43_bus_pio_spi.c.o
                0x00000000100105f0                cyw43_read_reg_u8
 .text.write_reg_u32_swap
                0x000000001001065c      0x208 CMakeFiles/pico_api_microphone_project.dir/root/project/AIAgentAPI/pico/pico-sdk/src/rp2_common/pico_cyw43_driver/cyw43_bus_pio_spi.c.o
                0x000000001001065c                write_reg_u32_swap
 .text.cyw43_write_reg_u32
                0x0000000010010864      0x208 CMakeFiles/pico_api_microphone_project.dir/root/project/AIAgentAPI/pico/pico-sdk/src/rp2_common/pico_cyw43_driver/cyw43_bus_pio_spi.c.o
                0x0000000010010864                cyw43_write_reg_u32
 .text.cyw43_write_reg_u16
                0x0000000010010a6c      0x208 CMakeFiles/pico_api_microphone_project.dir/root/project/AIAgentAPI/pico/pico-sdk/src/rp2_common/pico_cyw43_driver/cyw43_bus_pio_spi.c.o
                0x0000000010010a6c                cyw43_write_reg_u16
 .text.cyw43_write_reg_u8
                0x0000000010010c74      0x208 CMakeFiles/pico_api_microphone_project.dir/root/project/AIAgentAPI/pico/pico-sdk/src/rp2_common/pico_cyw43_driver/cyw43_bus_pio_spi.c.o
                0x0000000010010c74                cyw43_write_reg_u8
 .text.cyw43_read_bytes
                0x0000000010010e7c       0x78 CMakeFiles/pico_api_microphone_project.dir/root/project/AIAgentAPI/pico/pico-sdk/src/rp2_common/pico_cyw43_driver/cyw43_bus_pio_spi.c.o
                0x0000000010010e7c                cyw43_read_bytes
 .text.cyw43_write_bytes
                0x0000000010010ef4       0xec CMakeFiles/pico_api_microphone_project.dir/root/project/AIAgentAPI/pico/pico-sdk/src/rp2_common/pico_cyw43_driver/cyw43_bus_pio_spi.c.o
                0x0000000010010ef4                cyw43_write_bytes
 .text.cyw43_set_backplane_window
                0x0000000010010fe0       0x64 CMakeFiles/pico_api_microphone_project.dir/root/project/AIAgentAPI/pico/pico-sdk/lib/cyw43-driver/src/cyw43_ll.c.o
 .text.cyw43_ll_parse_async_event
                0x0000000010011044      0x13c CMakeFiles/pico_api_microphone_project.dir/root/project/AIAgentAPI/pico/pico-sdk/lib/cyw43-driver/src/cyw43_ll.c.o
 .text.cyw43_kso_set
                0x0000000010011180       0xa0 CMakeFiles/pico_api_microphone_project.dir/root/project/AIAgentAPI/pico/pico-sdk/lib/cyw43-driver/src/cyw43_ll.c.o
 .text.cyw43_ll_sdpcm_poll_device
                0x0000000010011220      0x238 CMakeFiles/pico_api_microphone_project.dir/root/project/AIAgentAPI/pico/pico-sdk/lib/cyw43-driver/src/cyw43_ll.c.o
 .text.cyw43_sdpcm_send_common
                0x0000000010011458       0xf8 CMakeFiles/pico_api_microphone_project.dir/root/project/AIAgentAPI/pico/pico-sdk/lib/cyw43-driver/src/cyw43_ll.c.o
 .text.cyw43_do_ioctl.part.0
                0x0000000010011550       0xc4 CMakeFiles/pico_api_microphone_project.dir/root/project/AIAgentAPI/pico/pico-sdk/lib/cyw43-driver/src/cyw43_ll.c.o
 .text.cyw43_download_resource
                0x0000000010011614       0xd0 CMakeFiles/pico_api_microphone_project.dir/root/project/AIAgentAPI/pico/pico-sdk/lib/cyw43-driver/src/cyw43_ll.c.o
 .text.cyw43_write_iovar_n
                0x00000000100116e4       0x8c CMakeFiles/pico_api_microphone_project.dir/root/project/AIAgentAPI/pico/pico-sdk/lib/cyw43-driver/src/cyw43_ll.c.o
 .text.cyw43_write_iovar_u32
                0x0000000010011770       0xa4 CMakeFiles/pico_api_microphone_project.dir/root/project/AIAgentAPI/pico/pico-sdk/lib/cyw43-driver/src/cyw43_ll.c.o
 .text.cyw43_write_iovar_u32_u32.constprop.0
                0x0000000010011814       0xb0 CMakeFiles/pico_api_microphone_project.dir/root/project/AIAgentAPI/pico/pico-sdk/lib/cyw43-driver/src/cyw43_ll.c.o
 .text.cyw43_read_backplane.constprop.0
                0x00000000100118c4       0xdc CMakeFiles/pico_api_microphone_project.dir/root/project/AIAgentAPI/pico/pico-sdk/lib/cyw43-driver/src/cyw43_ll.c.o
 .text.cyw43_write_backplane
                0x00000000100119a0      0x104 CMakeFiles/pico_api_microphone_project.dir/root/project/AIAgentAPI/pico/pico-sdk/lib/cyw43-driver/src/cyw43_ll.c.o
 .text.reset_device_core.constprop.0
                0x0000000010011aa4      0x3f0 CMakeFiles/pico_api_microphone_project.dir/root/project/AIAgentAPI/pico/pico-sdk/lib/cyw43-driver/src/cyw43_ll.c.o
 .text.cyw43_ll_init
                0x0000000010011e94       0x1c CMakeFiles/pico_api_microphone_project.dir/root/project/AIAgentAPI/pico/pico-sdk/lib/cyw43-driver/src/cyw43_ll.c.o
                0x0000000010011e94                cyw43_ll_init
 .text.cyw43_ll_deinit
                0x0000000010011eb0        0x8 CMakeFiles/pico_api_microphone_project.dir/root/project/AIAgentAPI/pico/pico-sdk/lib/cyw43-driver/src/cyw43_ll.c.o
                0x0000000010011eb0                cyw43_ll_deinit
 .text.cyw43_ll_send_ethernet
                0x0000000010011eb8       0x60 CMakeFiles/pico_api_microphone_project.dir/root/project/AIAgentAPI/pico/pico-sdk/lib/cyw43-driver/src/cyw43_ll.c.o
                0x0000000010011eb8                cyw43_ll_send_ethernet
 .text.cyw43_ll_process_packets
                0x0000000010011f18       0x54 CMakeFiles/pico_api_microphone_project.dir/root/project/AIAgentAPI/pico/pico-sdk/lib/cyw43-driver/src/cyw43_ll.c.o
                0x0000000010011f18                cyw43_ll_process_packets
 .text.cyw43_ll_ioctl
                0x0000000010011f6c       0x80 CMakeFiles/pico_api_microphone_project.dir/root/project/AIAgentAPI/pico/pico-sdk/lib/cyw43-driver/src/cyw43_ll.c.o
                0x0000000010011f6c                cyw43_ll_ioctl
 .text.cyw43_ll_bus_sleep
                0x0000000010011fec       0x34 CMakeFiles/pico_api_microphone_project.dir/root/project/AIAgentAPI/pico/pico-sdk/lib/cyw43-driver/src/cyw43_ll.c.o
                0x0000000010011fec                cyw43_ll_bus_sleep
 .text.cyw43_ll_wifi_on
                0x0000000010012020      0x220 CMakeFiles/pico_api_microphone_project.dir/root/project/AIAgentAPI/pico/pico-sdk/lib/cyw43-driver/src/cyw43_ll.c.o
                0x0000000010012020                cyw43_ll_wifi_on
 .text.cyw43_ll_wifi_get_mac
                0x0000000010012240       0x74 CMakeFiles/pico_api_microphone_project.dir/root/project/AIAgentAPI/pico/pico-sdk/lib/cyw43-driver/src/cyw43_ll.c.o
                0x0000000010012240                cyw43_ll_wifi_get_mac
 .text.cyw43_ll_bus_init
                0x00000000100122b4      0x90c CMakeFiles/pico_api_microphone_project.dir/root/project/AIAgentAPI/pico/pico-sdk/lib/cyw43-driver/src/cyw43_ll.c.o
                0x00000000100122b4                cyw43_ll_bus_init
 .text.cyw43_ll_wifi_pm
                0x0000000010012bc0      0x138 CMakeFiles/pico_api_microphone_project.dir/root/project/AIAgentAPI/pico/pico-sdk/lib/cyw43-driver/src/cyw43_ll.c.o
                0x0000000010012bc0                cyw43_ll_wifi_pm
 .text.cyw43_ll_wifi_join
                0x0000000010012cf8      0x4c4 CMakeFiles/pico_api_microphone_project.dir/root/project/AIAgentAPI/pico/pico-sdk/lib/cyw43-driver/src/cyw43_ll.c.o
                0x0000000010012cf8                cyw43_ll_wifi_join
 .text.cyw43_ll_wifi_set_wpa_auth
                0x00000000100131bc       0x4c CMakeFiles/pico_api_microphone_project.dir/root/project/AIAgentAPI/pico/pico-sdk/lib/cyw43-driver/src/cyw43_ll.c.o
                0x00000000100131bc                cyw43_ll_wifi_set_wpa_auth
 .text.cyw43_ll_wifi_rejoin
                0x0000000010013208       0x58 CMakeFiles/pico_api_microphone_project.dir/root/project/AIAgentAPI/pico/pico-sdk/lib/cyw43-driver/src/cyw43_ll.c.o
                0x0000000010013208                cyw43_ll_wifi_rejoin
 .text.cyw43_ll_wifi_ap_init
                0x0000000010013260      0x430 CMakeFiles/pico_api_microphone_project.dir/root/project/AIAgentAPI/pico/pico-sdk/lib/cyw43-driver/src/cyw43_ll.c.o
                0x0000000010013260                cyw43_ll_wifi_ap_init
 .text.cyw43_ll_wifi_ap_set_up
                0x0000000010013690       0x80 CMakeFiles/pico_api_microphone_project.dir/root/project/AIAgentAPI/pico/pico-sdk/lib/cyw43-driver/src/cyw43_ll.c.o
                0x0000000010013690                cyw43_ll_wifi_ap_set_up
 .text.cyw43_ll_has_work
                0x0000000010013710       0x14 CMakeFiles/pico_api_microphone_project.dir/root/project/AIAgentAPI/pico/pico-sdk/lib/cyw43-driver/src/cyw43_ll.c.o
                0x0000000010013710                cyw43_ll_has_work
 .text.cyw43_netif_init
                0x0000000010013724       0x3c CMakeFiles/pico_api_microphone_project.dir/root/project/AIAgentAPI/pico/pico-sdk/lib/cyw43-driver/src/cyw43_lwip.c.o
 .text.cyw43_netif_output
                0x0000000010013760       0x34 CMakeFiles/pico_api_microphone_project.dir/root/project/AIAgentAPI/pico/pico-sdk/lib/cyw43-driver/src/cyw43_lwip.c.o
 .text.cyw43_cb_tcpip_init
                0x0000000010013794       0xfc CMakeFiles/pico_api_microphone_project.dir/root/project/AIAgentAPI/pico/pico-sdk/lib/cyw43-driver/src/cyw43_lwip.c.o
                0x0000000010013794                cyw43_cb_tcpip_init
 .text.cyw43_cb_tcpip_deinit
                0x0000000010013890       0x4c CMakeFiles/pico_api_microphone_project.dir/root/project/AIAgentAPI/pico/pico-sdk/lib/cyw43-driver/src/cyw43_lwip.c.o
                0x0000000010013890                cyw43_cb_tcpip_deinit
 .text.cyw43_cb_process_ethernet
                0x00000000100138dc       0x68 CMakeFiles/pico_api_microphone_project.dir/root/project/AIAgentAPI/pico/pico-sdk/lib/cyw43-driver/src/cyw43_lwip.c.o
                0x00000000100138dc                cyw43_cb_process_ethernet
 .text.cyw43_cb_tcpip_set_link_up
                0x0000000010013944       0x18 CMakeFiles/pico_api_microphone_project.dir/root/project/AIAgentAPI/pico/pico-sdk/lib/cyw43-driver/src/cyw43_lwip.c.o
                0x0000000010013944                cyw43_cb_tcpip_set_link_up
 .text.cyw43_cb_tcpip_set_link_down
                0x000000001001395c       0x18 CMakeFiles/pico_api_microphone_project.dir/root/project/AIAgentAPI/pico/pico-sdk/lib/cyw43-driver/src/cyw43_lwip.c.o
                0x000000001001395c                cyw43_cb_tcpip_set_link_down
 .text.cyw43_tcpip_link_status
                0x0000000010013974       0x34 CMakeFiles/pico_api_microphone_project.dir/root/project/AIAgentAPI/pico/pico-sdk/lib/cyw43-driver/src/cyw43_lwip.c.o
                0x0000000010013974                cyw43_tcpip_link_status
 .text.cyw43_poll_func
                0x00000000100139a8       0xc0 CMakeFiles/pico_api_microphone_project.dir/root/project/AIAgentAPI/pico/pico-sdk/lib/cyw43-driver/src/cyw43_ctrl.c.o
 .text.cyw43_init
                0x0000000010013a68       0x6c CMakeFiles/pico_api_microphone_project.dir/root/project/AIAgentAPI/pico/pico-sdk/lib/cyw43-driver/src/cyw43_ctrl.c.o
                0x0000000010013a68                cyw43_init
 .text.cyw43_deinit
                0x0000000010013ad4       0x90 CMakeFiles/pico_api_microphone_project.dir/root/project/AIAgentAPI/pico/pico-sdk/lib/cyw43-driver/src/cyw43_ctrl.c.o
                0x0000000010013ad4                cyw43_deinit
 .text.cyw43_cb_read_host_interrupt_pin